Archive member included to satisfy reference by file (symbol)

c:/siliconlabs/simplicitystudio/v4/developer/toolchains/gnu_arm/7.2_2017q4/bin/../lib/gcc/arm-none-eabi/7.2.1/../../../../arm-none-eabi/lib/thumb/v7-m\libc_nano.a(lib_a-abs.o)
                              ./drivers/segmentlcd.o (abs)
c:/siliconlabs/simplicitystudio/v4/developer/toolchains/gnu_arm/7.2_2017q4/bin/../lib/gcc/arm-none-eabi/7.2.1/../../../../arm-none-eabi/lib/thumb/v7-m\libc_nano.a(lib_a-exit.o)
                              c:/siliconlabs/simplicitystudio/v4/developer/toolchains/gnu_arm/7.2_2017q4/bin/../lib/gcc/arm-none-eabi/7.2.1/../../../../arm-none-eabi/lib/thumb/v7-m/crt0.o (exit)
c:/siliconlabs/simplicitystudio/v4/developer/toolchains/gnu_arm/7.2_2017q4/bin/../lib/gcc/arm-none-eabi/7.2.1/../../../../arm-none-eabi/lib/thumb/v7-m\libc_nano.a(lib_a-impure.o)
                              c:/siliconlabs/simplicitystudio/v4/developer/toolchains/gnu_arm/7.2_2017q4/bin/../lib/gcc/arm-none-eabi/7.2.1/../../../../arm-none-eabi/lib/thumb/v7-m\libc_nano.a(lib_a-exit.o) (_global_impure_ptr)
c:/siliconlabs/simplicitystudio/v4/developer/toolchains/gnu_arm/7.2_2017q4/bin/../lib/gcc/arm-none-eabi/7.2.1/../../../../arm-none-eabi/lib/thumb/v7-m\libc_nano.a(lib_a-init.o)
                              c:/siliconlabs/simplicitystudio/v4/developer/toolchains/gnu_arm/7.2_2017q4/bin/../lib/gcc/arm-none-eabi/7.2.1/../../../../arm-none-eabi/lib/thumb/v7-m/crt0.o (__libc_init_array)
c:/siliconlabs/simplicitystudio/v4/developer/toolchains/gnu_arm/7.2_2017q4/bin/../lib/gcc/arm-none-eabi/7.2.1/../../../../arm-none-eabi/lib/thumb/v7-m\libc_nano.a(lib_a-memset.o)
                              c:/siliconlabs/simplicitystudio/v4/developer/toolchains/gnu_arm/7.2_2017q4/bin/../lib/gcc/arm-none-eabi/7.2.1/../../../../arm-none-eabi/lib/thumb/v7-m/crt0.o (memset)
c:/siliconlabs/simplicitystudio/v4/developer/toolchains/gnu_arm/7.2_2017q4/bin/../lib/gcc/arm-none-eabi/7.2.1/../../../../arm-none-eabi/lib/thumb/v7-m\libc_nano.a(lib_a-rand.o)
                              ./main.o (srand)
c:/siliconlabs/simplicitystudio/v4/developer/toolchains/gnu_arm/7.2_2017q4/bin/../lib/gcc/arm-none-eabi/7.2.1/../../../../arm-none-eabi/lib/thumb/v7-m\libc_nano.a(lib_a-strlen.o)
                              ./drivers/segmentlcd.o (strlen)
c:/siliconlabs/simplicitystudio/v4/developer/toolchains/gnu_arm/7.2_2017q4/bin/../lib/gcc/arm-none-eabi/7.2.1/../../../../arm-none-eabi/lib/thumb/v7-m\libc_nano.a(lib_a-malloc.o)
                              c:/siliconlabs/simplicitystudio/v4/developer/toolchains/gnu_arm/7.2_2017q4/bin/../lib/gcc/arm-none-eabi/7.2.1/../../../../arm-none-eabi/lib/thumb/v7-m\libc_nano.a(lib_a-rand.o) (malloc)
c:/siliconlabs/simplicitystudio/v4/developer/toolchains/gnu_arm/7.2_2017q4/bin/../lib/gcc/arm-none-eabi/7.2.1/../../../../arm-none-eabi/lib/thumb/v7-m\libc_nano.a(lib_a-nano-freer.o)
                              c:/siliconlabs/simplicitystudio/v4/developer/toolchains/gnu_arm/7.2_2017q4/bin/../lib/gcc/arm-none-eabi/7.2.1/../../../../arm-none-eabi/lib/thumb/v7-m\libc_nano.a(lib_a-malloc.o) (_free_r)
c:/siliconlabs/simplicitystudio/v4/developer/toolchains/gnu_arm/7.2_2017q4/bin/../lib/gcc/arm-none-eabi/7.2.1/../../../../arm-none-eabi/lib/thumb/v7-m\libc_nano.a(lib_a-nano-mallocr.o)
                              c:/siliconlabs/simplicitystudio/v4/developer/toolchains/gnu_arm/7.2_2017q4/bin/../lib/gcc/arm-none-eabi/7.2.1/../../../../arm-none-eabi/lib/thumb/v7-m\libc_nano.a(lib_a-malloc.o) (_malloc_r)
c:/siliconlabs/simplicitystudio/v4/developer/toolchains/gnu_arm/7.2_2017q4/bin/../lib/gcc/arm-none-eabi/7.2.1/../../../../arm-none-eabi/lib/thumb/v7-m\libc_nano.a(lib_a-sbrkr.o)
                              c:/siliconlabs/simplicitystudio/v4/developer/toolchains/gnu_arm/7.2_2017q4/bin/../lib/gcc/arm-none-eabi/7.2.1/../../../../arm-none-eabi/lib/thumb/v7-m\libc_nano.a(lib_a-nano-mallocr.o) (_sbrk_r)
c:/siliconlabs/simplicitystudio/v4/developer/toolchains/gnu_arm/7.2_2017q4/bin/../lib/gcc/arm-none-eabi/7.2.1/../../../../arm-none-eabi/lib/thumb/v7-m\libc_nano.a(lib_a-mlock.o)
                              c:/siliconlabs/simplicitystudio/v4/developer/toolchains/gnu_arm/7.2_2017q4/bin/../lib/gcc/arm-none-eabi/7.2.1/../../../../arm-none-eabi/lib/thumb/v7-m\libc_nano.a(lib_a-nano-freer.o) (__malloc_lock)
c:/siliconlabs/simplicitystudio/v4/developer/toolchains/gnu_arm/7.2_2017q4/bin/../lib/gcc/arm-none-eabi/7.2.1/../../../../arm-none-eabi/lib/thumb/v7-m\libc_nano.a(lib_a-reent.o)
                              c:/siliconlabs/simplicitystudio/v4/developer/toolchains/gnu_arm/7.2_2017q4/bin/../lib/gcc/arm-none-eabi/7.2.1/../../../../arm-none-eabi/lib/thumb/v7-m\libc_nano.a(lib_a-sbrkr.o) (errno)
c:/siliconlabs/simplicitystudio/v4/developer/toolchains/gnu_arm/7.2_2017q4/bin/../lib/gcc/arm-none-eabi/7.2.1/../../../../arm-none-eabi/lib/thumb/v7-m\libnosys.a(sbrk.o)
[...]
Memory Configuration

Name             Origin             Length             Attributes
FLASH            0x00000000         0x00100000         xr
RAM              0x20000000         0x00020000         xrw
*default*        0x00000000         0xffffffff

Linker script and memory map

LOAD c:/siliconlabs/simplicitystudio/v4/developer/toolchains/gnu_arm/7.2_2017q4/bin/../lib/gcc/arm-none-eabi/7.2.1/thumb/v7-m/crti.o
LOAD c:/siliconlabs/simplicitystudio/v4/developer/toolchains/gnu_arm/7.2_2017q4/bin/../lib/gcc/arm-none-eabi/7.2.1/thumb/v7-m/crtbegin.o
LOAD c:/siliconlabs/simplicitystudio/v4/developer/toolchains/gnu_arm/7.2_2017q4/bin/../lib/gcc/arm-none-eabi/7.2.1/../../../../arm-none-eabi/lib/thumb/v7-m/crt0.o
LOAD ./CMSIS/EFM32GG/startup_gcc_efm32gg.o
LOAD ./CMSIS/EFM32GG/system_efm32gg.o
LOAD ./drivers/caplesense.o
LOAD ./drivers/segmentlcd.o
LOAD ./emlib/em_acmp.o
LOAD ./emlib/em_cmu.o
LOAD ./emlib/em_core.o
LOAD ./emlib/em_gpio.o
LOAD ./emlib/em_lcd.o
LOAD ./emlib/em_lesense.o
LOAD ./emlib/em_system.o
LOAD ./emlib/em_timer.o
LOAD ./main.o
LOAD ./src/segmentlcd_individual.o
START GROUP
LOAD c:/siliconlabs/simplicitystudio/v4/developer/toolchains/gnu_arm/7.2_2017q4/bin/../lib/gcc/arm-none-eabi/7.2.1/thumb/v7-m\libgcc.a
LOAD c:/siliconlabs/simplicitystudio/v4/developer/toolchains/gnu_arm/7.2_2017q4/bin/../lib/gcc/arm-none-eabi/7.2.1/../../../../arm-none-eabi/lib/thumb/v7-m\libc_nano.a
LOAD c:/siliconlabs/simplicitystudio/v4/developer/toolchains/gnu_arm/7.2_2017q4/bin/../lib/gcc/arm-none-eabi/7.2.1/../../../../arm-none-eabi/lib/thumb/v7-m\libnosys.a
END GROUP
START GROUP
LOAD c:/siliconlabs/simplicitystudio/v4/developer/toolchains/gnu_arm/7.2_2017q4/bin/../lib/gcc/arm-none-eabi/7.2.1/thumb/v7-m\libgcc.a
LOAD c:/siliconlabs/simplicitystudio/v4/developer/toolchains/gnu_arm/7.2_2017q4/bin/../lib/gcc/arm-none-eabi/7.2.1/../../../../arm-none-eabi/lib/thumb/v7-m\libg_nano.a
LOAD c:/siliconlabs/simplicitystudio/v4/developer/toolchains/gnu_arm/7.2_2017q4/bin/../lib/gcc/arm-none-eabi/7.2.1/../../../../arm-none-eabi/lib/thumb/v7-m\libc_nano.a
END GROUP
START GROUP
LOAD c:/siliconlabs/simplicitystudio/v4/developer/toolchains/gnu_arm/7.2_2017q4/bin/../lib/gcc/arm-none-eabi/7.2.1/thumb/v7-m\libgcc.a
LOAD c:/siliconlabs/simplicitystudio/v4/developer/toolchains/gnu_arm/7.2_2017q4/bin/../lib/gcc/arm-none-eabi/7.2.1/../../../../arm-none-eabi/lib/thumb/v7-m\libc_nano.a
END GROUP
LOAD c:/siliconlabs/simplicitystudio/v4/developer/toolchains/gnu_arm/7.2_2017q4/bin/../lib/gcc/arm-none-eabi/7.2.1/thumb/v7-m/crtend.o
LOAD c:/siliconlabs/simplicitystudio/v4/developer/toolchains/gnu_arm/7.2_2017q4/bin/../lib/gcc/arm-none-eabi/7.2.1/thumb/v7-m/crtn.o

.text           0x00000000     0x4468
 *(.vectors)
 .vectors       0x00000000       0xdc ./CMSIS/EFM32GG/startup_gcc_efm32gg.o
                0x00000000                __Vectors
                0x000000dc                __Vectors_End = .
                0x000000dc                __Vectors_Size = (__Vectors_End - __Vectors)
                0x000000dc                __end__ = .
 *(.text*)
 .text          0x000000dc       0x40 c:/siliconlabs/simplicitystudio/v4/developer/toolchains/gnu_arm/7.2_2017q4/bin/../lib/gcc/arm-none-eabi/7.2.1/thumb/v7-m/crtbegin.o
 .text          0x0000011c       0x74 c:/siliconlabs/simplicitystudio/v4/developer/toolchains/gnu_arm/7.2_2017q4/bin/../lib/gcc/arm-none-eabi/7.2.1/../../../../arm-none-eabi/lib/thumb/v7-m/crt0.o
                0x0000011c                _start
                0x0000011c                _mainCRTStartup
 .text          0x00000190       0x30 ./CMSIS/EFM32GG/startup_gcc_efm32gg.o
                0x00000190                Reset_Handler
                0x000001bc                DebugMon_Handler
                0x000001bc                USART0_TX_IRQHandler
                0x000001bc                I2C0_IRQHandler
                0x000001bc                HardFault_Handler
                0x000001bc                LEUART1_IRQHandler
                0x000001bc                SysTick_Handler
                0x000001bc                USART1_RX_IRQHandler
                0x000001bc                PendSV_Handler
                0x000001bc                NMI_Handler
                0x000001bc                I2C1_IRQHandler
                0x000001bc                TIMER3_IRQHandler
                0x000001bc                USART1_TX_IRQHandler
                0x000001bc                MSC_IRQHandler
                0x000001bc                ADC0_IRQHandler
                0x000001bc                UsageFault_Handler
                0x000001bc                LEUART0_IRQHandler
                0x000001bc                UART0_TX_IRQHandler
                0x000001bc                UART1_TX_IRQHandler
                0x000001bc                RTC_IRQHandler
                0x000001bc                TIMER0_IRQHandler
                0x000001bc                TIMER2_IRQHandler
                0x000001bc                LCD_IRQHandler
                0x000001bc                PCNT2_IRQHandler
                0x000001bc                UART0_RX_IRQHandler
                0x000001bc                LETIMER0_IRQHandler
                0x000001bc                USART2_RX_IRQHandler
                0x000001bc                Default_Handler
                0x000001bc                EMU_IRQHandler
                0x000001bc                PCNT0_IRQHandler
                0x000001bc                sl_app_properties
                0x000001bc                USB_IRQHandler
                0x000001bc                BURTC_IRQHandler
                0x000001bc                PCNT1_IRQHandler
                0x000001bc                ACMP0_IRQHandler
                0x000001bc                USART0_RX_IRQHandler
                0x000001bc                MemManage_Handler
                0x000001bc                SVC_Handler
                0x000001bc                DAC0_IRQHandler
                0x000001bc                UART1_RX_IRQHandler
                0x000001bc                CMU_IRQHandler
                0x000001bc                EBI_IRQHandler
                0x000001bc                AES_IRQHandler
                0x000001bc                VCMP_IRQHandler
                0x000001bc                DMA_IRQHandler
                0x000001bc                BusFault_Handler
                0x000001bc                USART2_TX_IRQHandler
 .text.GetProdRev
                0x000001c0       0x18 ./CMSIS/EFM32GG/system_efm32gg.o
 .text.SystemCoreClockGet
                0x000001d8       0x34 ./CMSIS/EFM32GG/system_efm32gg.o
                0x000001d8                SystemCoreClockGet
 .text.SystemMaxCoreClockGet
                0x0000020c       0x14 ./CMSIS/EFM32GG/system_efm32gg.o
                0x0000020c                SystemMaxCoreClockGet
 .text.SystemHFClockGet
                0x00000220      0x100 ./CMSIS/EFM32GG/system_efm32gg.o
                0x00000220                SystemHFClockGet
 .text.SystemHFXOClockGet
                0x00000320       0x14 ./CMSIS/EFM32GG/system_efm32gg.o
                0x00000320                SystemHFXOClockGet
 .text.SystemInit
                0x00000334       0x1c ./CMSIS/EFM32GG/system_efm32gg.o
                0x00000334                SystemInit
 .text.SystemLFRCOClockGet
                0x00000350       0x10 ./CMSIS/EFM32GG/system_efm32gg.o
                0x00000350                SystemLFRCOClockGet
 .text.SystemULFRCOClockGet
                0x00000360       0x10 ./CMSIS/EFM32GG/system_efm32gg.o
                0x00000360                SystemULFRCOClockGet
 .text.SystemLFXOClockGet
                0x00000370       0x14 ./CMSIS/EFM32GG/system_efm32gg.o
                0x00000370                SystemLFXOClockGet
 .text.__NVIC_EnableIRQ
                0x00000384       0x38 ./drivers/caplesense.o
 .text.SystemCoreClockUpdate
                0x000003bc        0xc ./drivers/caplesense.o
 .text.LESENSE_StatusGet
                0x000003c8       0x14 ./drivers/caplesense.o
 .text.LESENSE_ScanResultDataGet
                0x000003dc       0x14 ./drivers/caplesense.o
 .text.LESENSE_ScanResultDataBufferGet
                0x000003f0       0x24 ./drivers/caplesense.o
 .text.LESENSE_IntClear
                0x00000414       0x1c ./drivers/caplesense.o
 .text.LESENSE_IntEnable
                0x00000430       0x24 ./drivers/caplesense.o
 .text.LESENSE_IntDisable
                0x00000454       0x24 ./drivers/caplesense.o
 .text.LESENSE_IntGetEnabled
                0x00000478       0x24 ./drivers/caplesense.o
 .text.CAPLESENSE_setupCMU
                0x0000049c       0x7c ./drivers/caplesense.o
                0x0000049c                CAPLESENSE_setupCMU
 .text.CAPLESENSE_setupGPIO
                0x00000518       0x40 ./drivers/caplesense.o
                0x00000518                CAPLESENSE_setupGPIO
 .text.CAPLESENSE_setupACMP
                0x00000558       0x3c ./drivers/caplesense.o
                0x00000558                CAPLESENSE_setupACMP
 .text.CAPLESENSE_setupLESENSE
                0x00000594      0x194 ./drivers/caplesense.o
                0x00000594                CAPLESENSE_setupLESENSE
 .text.LESENSE_IRQHandler
                0x00000728       0xe4 ./drivers/caplesense.o
                0x00000728                LESENSE_IRQHandler
 .text.CAPLESENSE_getSliderPosition
                0x0000080c      0x160 ./drivers/caplesense.o
                0x0000080c                CAPLESENSE_getSliderPosition
 .text.CAPLESENSE_Init
                0x0000096c       0x32 ./drivers/caplesense.o
                0x0000096c                CAPLESENSE_Init
 *fill*         0x0000099e        0x2 
 .text.LCD_SyncBusyDelay
                0x000009a0       0x24 ./drivers/segmentlcd.o
 .text.LCD_IntDisable
                0x000009c4       0x24 ./drivers/segmentlcd.o
 .text.SegmentLCD_AllOff
                0x000009e8       0xac ./drivers/segmentlcd.o
                0x000009e8                SegmentLCD_AllOff
 .text.SegmentLCD_Init
                0x00000a94       0xb8 ./drivers/segmentlcd.o
                0x00000a94                SegmentLCD_Init
 .text.SegmentLCD_Symbol
                0x00000b4c      0x118 ./drivers/segmentlcd.o
                0x00000b4c                SegmentLCD_Symbol
 .text.BUS_RegBitWrite
                0x00000c64       0x2c ./emlib/em_acmp.o
 .text.BUS_RegMaskedWrite
                0x00000c90       0x28 ./emlib/em_acmp.o
 .text.ACMP_CapsenseInit
                0x00000cb8       0x88 ./emlib/em_acmp.o
                0x00000cb8                ACMP_CapsenseInit
 .text.ACMP_GPIOSetup
                0x00000d40       0x50 ./emlib/em_acmp.o
                0x00000d40                ACMP_GPIOSetup
 .text.BUS_RegBitWrite
                0x00000d90       0x2c ./emlib/em_cmu.o
 .text.BUS_RegBitRead
                0x00000dbc       0x28 ./emlib/em_cmu.o
 .text.SL_Log2ToDiv
                0x00000de4       0x1a ./emlib/em_cmu.o
 .text.CMU_DivToLog2
                0x00000dfe       0x30 ./emlib/em_cmu.o
 *fill*         0x00000e2e        0x2 
 .text.SYSTEM_GetProdRev
                0x00000e30       0x18 ./emlib/em_cmu.o
 .text.SYSTEM_GetFamily
                0x00000e48       0x18 ./emlib/em_cmu.o
 .text.maxFreqHfle
                0x00000e60       0x7c ./emlib/em_cmu.o
 .text.setHfLeConfig
                0x00000edc       0x64 ./emlib/em_cmu.o
 .text.getHfLeConfig
                0x00000f40       0x20 ./emlib/em_cmu.o
 .text.auxClkGet
                0x00000f60       0xb0 ./emlib/em_cmu.o
 .text.dbgClkGet
                0x00001010       0x40 ./emlib/em_cmu.o
 .text.flashWaitStateControl
                0x00001050       0x98 ./emlib/em_cmu.o
 .text.flashWaitStateMax
                0x000010e8       0x44 ./emlib/em_cmu.o
 .text.CMU_UpdateWaitStates
                0x0000112c       0x40 ./emlib/em_cmu.o
                0x0000112c                CMU_UpdateWaitStates
 .text.lfClkGet
                0x0000116c       0xec ./emlib/em_cmu.o
 .text.syncReg  0x00001258       0x34 ./emlib/em_cmu.o
 .text.usbCClkGet
                0x0000128c       0x4c ./emlib/em_cmu.o
 .text.hfperClkSafePrescaler
                0x000012d8        0xc ./emlib/em_cmu.o
 .text.hfperClkOptimizedPrescaler
                0x000012e4        0xc ./emlib/em_cmu.o
 .text.CMU_ClockDivGet
                0x000012f0      0x1a4 ./emlib/em_cmu.o
                0x000012f0                CMU_ClockDivGet
 .text.CMU_ClockDivSet
                0x00001494      0x264 ./emlib/em_cmu.o
                0x00001494                CMU_ClockDivSet
 .text.CMU_ClockEnable
                0x000016f8       0xc8 ./emlib/em_cmu.o
                0x000016f8                CMU_ClockEnable
 .text.CMU_ClockFreqGet
                0x000017c0      0x200 ./emlib/em_cmu.o
                0x000017c0                CMU_ClockFreqGet
 .text.CMU_ClockSelectGet
                0x000019c0      0x15c ./emlib/em_cmu.o
                0x000019c0                CMU_ClockSelectGet
 .text.CMU_ClockSelectSet
                0x00001b1c      0x298 ./emlib/em_cmu.o
                0x00001b1c                CMU_ClockSelectSet
 .text.CMU_LCDClkFDIVSet
                0x00001db4       0x3c ./emlib/em_cmu.o
                0x00001db4                CMU_LCDClkFDIVSet
 .text.CMU_OscillatorEnable
                0x00001df0       0xbc ./emlib/em_cmu.o
                0x00001df0                CMU_OscillatorEnable
 .text.CORE_EnterAtomic
                0x00001eac       0x1e ./emlib/em_core.o
                0x00001eac                CORE_EnterAtomic
 .text.CORE_ExitAtomic
                0x00001eca       0x1a ./emlib/em_core.o
                0x00001eca                CORE_ExitAtomic
 .text.BUS_RegBitWrite
                0x00001ee4       0x2c ./emlib/em_gpio.o
 .text.BUS_RegMaskedWrite
                0x00001f10       0x28 ./emlib/em_gpio.o
 .text.GPIO_IntClear
                0x00001f38       0x20 ./emlib/em_gpio.o
 .text.GPIO_PinOutClear
                0x00001f58       0x58 ./emlib/em_gpio.o
 .text.GPIO_PinOutSet
                0x00001fb0       0x58 ./emlib/em_gpio.o
 .text.GPIO_DriveModeSet
                0x00002008       0x70 ./emlib/em_gpio.o
                0x00002008                GPIO_DriveModeSet
 .text.GPIO_ExtIntConfig
                0x00002078       0xd4 ./emlib/em_gpio.o
                0x00002078                GPIO_ExtIntConfig
 .text.GPIO_PinModeSet
                0x0000214c      0x118 ./emlib/em_gpio.o
                0x0000214c                GPIO_PinModeSet
 .text.LCD_Enable
                0x00002264       0x38 ./emlib/em_lcd.o
 .text.BUS_RegBitWrite
                0x0000229c       0x2c ./emlib/em_lcd.o
 .text.LCD_Init
                0x000022c8       0x78 ./emlib/em_lcd.o
                0x000022c8                LCD_Init
 .text.LCD_VLCDSelect
                0x00002340       0x44 ./emlib/em_lcd.o
                0x00002340                LCD_VLCDSelect
 .text.LCD_SegmentRangeEnable
                0x00002384       0x40 ./emlib/em_lcd.o
                0x00002384                LCD_SegmentRangeEnable
 .text.LCD_SegmentSet
                0x000023c4      0x1c8 ./emlib/em_lcd.o
                0x000023c4                LCD_SegmentSet
 .text.LCD_SegmentSetLow
                0x0000258c      0x17c ./emlib/em_lcd.o
                0x0000258c                LCD_SegmentSetLow
 .text.LCD_SegmentSetHigh
                0x00002708      0x17c ./emlib/em_lcd.o
                0x00002708                LCD_SegmentSetHigh
 .text.LCD_VBoostSet
                0x00002884       0x28 ./emlib/em_lcd.o
                0x00002884                LCD_VBoostSet
 .text.BUS_RegBitWrite
                0x000028ac       0x2c ./emlib/em_lesense.o
 .text.LESENSE_Init
                0x000028d8      0x168 ./emlib/em_lesense.o
                0x000028d8                LESENSE_Init
 .text.LESENSE_ScanFreqSet
                0x00002a40       0xbc ./emlib/em_lesense.o
                0x00002a40                LESENSE_ScanFreqSet
 .text.LESENSE_ScanModeSet
                0x00002afc       0x40 ./emlib/em_lesense.o
                0x00002afc                LESENSE_ScanModeSet
 .text.LESENSE_StartDelaySet
                0x00002b3c       0x34 ./emlib/em_lesense.o
                0x00002b3c                LESENSE_StartDelaySet
 .text.LESENSE_ClkDivSet
                0x00002b70       0x60 ./emlib/em_lesense.o
                0x00002b70                LESENSE_ClkDivSet
 .text.LESENSE_ChannelAllConfig
                0x00002bd0       0x32 ./emlib/em_lesense.o
                0x00002bd0                LESENSE_ChannelAllConfig
 *fill*         0x00002c02        0x2 
 .text.LESENSE_ChannelConfig
                0x00002c04      0x148 ./emlib/em_lesense.o
                0x00002c04                LESENSE_ChannelConfig
 .text.LESENSE_ChannelTimingSet
                0x00002d4c       0x48 ./emlib/em_lesense.o
                0x00002d4c                LESENSE_ChannelTimingSet
 .text.LESENSE_ChannelThresSet
                0x00002d94       0x7c ./emlib/em_lesense.o
                0x00002d94                LESENSE_ChannelThresSet
 .text.LESENSE_DecoderStateSet
                0x00002e10       0x20 ./emlib/em_lesense.o
                0x00002e10                LESENSE_DecoderStateSet
 .text.LESENSE_ScanStart
                0x00002e30       0x34 ./emlib/em_lesense.o
                0x00002e30                LESENSE_ScanStart
 .text.LESENSE_ScanStop
                0x00002e64       0x34 ./emlib/em_lesense.o
                0x00002e64                LESENSE_ScanStop
 .text.LESENSE_ResultBufferClear
                0x00002e98       0x34 ./emlib/em_lesense.o
                0x00002e98                LESENSE_ResultBufferClear
 .text.LESENSE_Reset
                0x00002ecc       0xf0 ./emlib/em_lesense.o
                0x00002ecc                LESENSE_Reset
 .text.SYSTEM_ChipRevisionGet
                0x00002fbc       0x78 ./emlib/em_system.o
                0x00002fbc                SYSTEM_ChipRevisionGet
 .text.TIMER_Valid
                0x00003034       0x50 ./emlib/em_timer.o
 .text.TIMER_Init
                0x00003084       0xe8 ./emlib/em_timer.o
                0x00003084                TIMER_Init
 .text.__NVIC_EnableIRQ
                0x0000316c       0x38 ./main.o
 .text.__NVIC_SetPriority
                0x000031a4       0x54 ./main.o
 .text.GPIO_IntClear
                0x000031f8       0x20 ./main.o
 .text.GPIO_IntConfig
                0x00003218       0x36 ./main.o
 *fill*         0x0000324e        0x2 
 .text.SYSTEM_GetProdRev
                0x00003250       0x18 ./main.o
 .text.CHIP_Init
                0x00003268       0x48 ./main.o
 .text.TIMER_MaxCount
                0x000032b0       0x16 ./main.o
 .text.TIMER_CounterGet
                0x000032c6       0x16 ./main.o
 .text.TIMER_IntClear
                0x000032dc       0x1a ./main.o
 .text.TIMER_IntEnable
                0x000032f6       0x20 ./main.o
 .text.TIMER_TopSet
                0x00003316       0x1e ./main.o
 .text.delay    0x00003334       0x28 ./main.o
                0x00003334                delay
 .text.upperLcdUpdate
                0x0000335c      0x440 ./main.o
                0x0000335c                upperLcdUpdate
 .text.lowerLcdUpdate
                0x0000379c      0x14c ./main.o
                0x0000379c                lowerLcdUpdate
 .text.duckNewPosition
                0x000038e8       0x5c ./main.o
                0x000038e8                duckNewPosition
 .text.hunterPosition
                0x00003944       0x64 ./main.o
                0x00003944                hunterPosition
 .text.TIMER1_IRQHandler
                0x000039a8       0x18 ./main.o
                0x000039a8                TIMER1_IRQHandler
 .text.GPIO_IRQHandler
                0x000039c0       0x2c ./main.o
                0x000039c0                GPIO_IRQHandler
 .text.GPIO_EVEN_IRQHandler
                0x000039ec        0xc ./main.o
                0x000039ec                GPIO_EVEN_IRQHandler
 .text.GPIO_ODD_IRQHandler
                0x000039f8        0xc ./main.o
                0x000039f8                GPIO_ODD_IRQHandler
 .text.main     0x00003a04      0x1bc ./main.o
                0x00003a04                main
 .text.LCD_FreezeEnable
                0x00003bc0       0x2c ./src/segmentlcd_individual.o
 .text.LCD_SyncBusyDelay
                0x00003bec       0x24 ./src/segmentlcd_individual.o
 .text.SegmentLCD_UpperSegments
                0x00003c10       0xac ./src/segmentlcd_individual.o
                0x00003c10                SegmentLCD_UpperSegments
 .text.SegmentLCD_LowerSegments
                0x00003cbc       0xb0 ./src/segmentlcd_individual.o
                0x00003cbc                SegmentLCD_LowerSegments
 .text.exit     0x00003d6c       0x28 c:/siliconlabs/simplicitystudio/v4/developer/toolchains/gnu_arm/7.2_2017q4/bin/../lib/gcc/arm-none-eabi/7.2.1/../../../../arm-none-eabi/lib/thumb/v7-m\libc_nano.a(lib_a-exit.o)
                0x00003d6c                exit
 .text.__libc_init_array
                0x00003d94       0x48 c:/siliconlabs/simplicitystudio/v4/developer/toolchains/gnu_arm/7.2_2017q4/bin/../lib/gcc/arm-none-eabi/7.2.1/../../../../arm-none-eabi/lib/thumb/v7-m\libc_nano.a(lib_a-init.o)
                0x00003d94                __libc_init_array
 .text.memset   0x00003ddc       0x10 c:/siliconlabs/simplicitystudio/v4/developer/toolchains/gnu_arm/7.2_2017q4/bin/../lib/gcc/arm-none-eabi/7.2.1/../../../../arm-none-eabi/lib/thumb/v7-m\libc_nano.a(lib_a-memset.o)
                0x00003ddc                memset
 .text.srand    0x00003dec       0x48 c:/siliconlabs/simplicitystudio/v4/developer/toolchains/gnu_arm/7.2_2017q4/bin/../lib/gcc/arm-none-eabi/7.2.1/../../../../arm-none-eabi/lib/thumb/v7-m\libc_nano.a(lib_a-rand.o)
                0x00003dec                srand
 .text.rand     0x00003e34       0x68 c:/siliconlabs/simplicitystudio/v4/developer/toolchains/gnu_arm/7.2_2017q4/bin/../lib/gcc/arm-none-eabi/7.2.1/../../../../arm-none-eabi/lib/thumb/v7-m\libc_nano.a(lib_a-rand.o)
                0x00003e34                rand
 .text.malloc   0x00003e9c       0x10 c:/siliconlabs/simplicitystudio/v4/developer/toolchains/gnu_arm/7.2_2017q4/bin/../lib/gcc/arm-none-eabi/7.2.1/../../../../arm-none-eabi/lib/thumb/v7-m\libc_nano.a(lib_a-malloc.o)
                0x00003e9c                malloc
 .text._malloc_r
                0x00003eac       0xb4 c:/siliconlabs/simplicitystudio/v4/developer/toolchains/gnu_arm/7.2_2017q4/bin/../lib/gcc/arm-none-eabi/7.2.1/../../../../arm-none-eabi/lib/thumb/v7-m\libc_nano.a(lib_a-nano-mallocr.o)
                0x00003eac                _malloc_r
 .text._sbrk_r  0x00003f60       0x20 c:/siliconlabs/simplicitystudio/v4/developer/toolchains/gnu_arm/7.2_2017q4/bin/../lib/gcc/arm-none-eabi/7.2.1/../../../../arm-none-eabi/lib/thumb/v7-m\libc_nano.a(lib_a-sbrkr.o)
                0x00003f60                _sbrk_r
 .text.__malloc_lock
                0x00003f80        0x2 c:/siliconlabs/simplicitystudio/v4/developer/toolchains/gnu_arm/7.2_2017q4/bin/../lib/gcc/arm-none-eabi/7.2.1/../../../../arm-none-eabi/lib/thumb/v7-m\libc_nano.a(lib_a-mlock.o)
                0x00003f80                __malloc_lock
 .text.__malloc_unlock
                0x00003f82        0x2 c:/siliconlabs/simplicitystudio/v4/developer/toolchains/gnu_arm/7.2_2017q4/bin/../lib/gcc/arm-none-eabi/7.2.1/../../../../arm-none-eabi/lib/thumb/v7-m\libc_nano.a(lib_a-mlock.o)
                0x00003f82                __malloc_unlock
 .text._sbrk    0x00003f84       0x1c c:/siliconlabs/simplicitystudio/v4/developer/toolchains/gnu_arm/7.2_2017q4/bin/../lib/gcc/arm-none-eabi/7.2.1/../../../../arm-none-eabi/lib/thumb/v7-m\libnosys.a(sbrk.o)
                0x00003f84                _sbrk
 .text._exit    0x00003fa0        0x4 c:/siliconlabs/simplicitystudio/v4/developer/toolchains/gnu_arm/7.2_2017q4/bin/../lib/gcc/arm-none-eabi/7.2.1/../../../../arm-none-eabi/lib/thumb/v7-m\libnosys.a(_exit.o)
                0x00003fa0                _exit
 *(.init)
 .init          0x00003fa4        0x4 c:/siliconlabs/simplicitystudio/v4/developer/toolchains/gnu_arm/7.2_2017q4/bin/../lib/gcc/arm-none-eabi/7.2.1/thumb/v7-m/crti.o
                0x00003fa4                _init
 .init          0x00003fa8        0x8 c:/siliconlabs/simplicitystudio/v4/developer/toolchains/gnu_arm/7.2_2017q4/bin/../lib/gcc/arm-none-eabi/7.2.1/thumb/v7-m/crtn.o
 *(.fini)
 .fini          0x00003fb0        0x4 c:/siliconlabs/simplicitystudio/v4/developer/toolchains/gnu_arm/7.2_2017q4/bin/../lib/gcc/arm-none-eabi/7.2.1/thumb/v7-m/crti.o
                0x00003fb0                _fini
 .fini          0x00003fb4        0x8 c:/siliconlabs/simplicitystudio/v4/developer/toolchains/gnu_arm/7.2_2017q4/bin/../lib/gcc/arm-none-eabi/7.2.1/thumb/v7-m/crtn.o
 *crtbegin.o(.ctors)
 *crtbegin?.o(.ctors)
 *(EXCLUDE_FILE(*crtend.o *crtend?.o) .ctors)
 *(SORT_BY_NAME(.ctors.*))
 *(.ctors)
 *crtbegin.o(.dtors)
 *crtbegin?.o(.dtors)
 *(EXCLUDE_FILE(*crtend.o *crtend?.o) .dtors)
 *(SORT_BY_NAME(.dtors.*))
 *(.dtors)
 *(.rodata*)
 .rodata.channelsInUse
                0x00003fbc       0x10 ./drivers/caplesense.o
 .rodata        0x00003fcc       0x2c ./drivers/caplesense.o
 .rodata.initACMP.6224
                0x00003ff8       0x14 ./drivers/caplesense.o
 .rodata.initLESENSE.6234
                0x0000400c       0x40 ./drivers/caplesense.o
 .rodata.initChsSleep.6233
                0x0000404c      0x200 ./drivers/caplesense.o
 .rodata.initChsSense.6232
                0x0000424c      0x200 ./drivers/caplesense.o
 .rodata.lcdInit
                0x0000444c       0x14 ./drivers/segmentlcd.o
 .rodata._global_impure_ptr
                0x00004460        0x4 c:/siliconlabs/simplicitystudio/v4/developer/toolchains/gnu_arm/7.2_2017q4/bin/../lib/gcc/arm-none-eabi/7.2.1/../../../../arm-none-eabi/lib/thumb/v7-m\libc_nano.a(lib_a-impure.o)
                0x00004460                _global_impure_ptr
 *(.eh_frame*)
 .eh_frame      0x00004464        0x0 c:/siliconlabs/simplicitystudio/v4/developer/toolchains/gnu_arm/7.2_2017q4/bin/../lib/gcc/arm-none-eabi/7.2.1/thumb/v7-m/crtbegin.o
 .eh_frame      0x00004464        0x4 c:/siliconlabs/simplicitystudio/v4/developer/toolchains/gnu_arm/7.2_2017q4/bin/../lib/gcc/arm-none-eabi/7.2.1/thumb/v7-m/crtend.o

.glue_7         0x00004468        0x0
 .glue_7        0x00004468        0x0 linker stubs

.glue_7t        0x00004468        0x0
 .glue_7t       0x00004468        0x0 linker stubs

.vfp11_veneer   0x00004468        0x0
 .vfp11_veneer  0x00004468        0x0 linker stubs

.v4_bx          0x00004468        0x0
 .v4_bx         0x00004468        0x0 linker stubs

.iplt           0x00004468        0x0
 .iplt          0x00004468        0x0 c:/siliconlabs/simplicitystudio/v4/developer/toolchains/gnu_arm/7.2_2017q4/bin/../lib/gcc/arm-none-eabi/7.2.1/thumb/v7-m/crtbegin.o

.ARM.extab
 *(.ARM.extab* .gnu.linkonce.armextab.*)
                0x00004468                __exidx_start = .

.ARM.exidx      0x00004468        0x8
 *(.ARM.exidx* .gnu.linkonce.armexidx.*)
 .ARM.exidx     0x00004468        0x8 c:/siliconlabs/simplicitystudio/v4/developer/toolchains/gnu_arm/7.2_2017q4/bin/../lib/gcc/arm-none-eabi/7.2.1/../../../../arm-none-eabi/lib/thumb/v7-m/crt0.o
                0x00004470                __exidx_end = .
                0x00004470                __etext = .

.rel.dyn        0x00004470        0x0
 .rel.iplt      0x00004470        0x0 c:/siliconlabs/simplicitystudio/v4/developer/toolchains/gnu_arm/7.2_2017q4/bin/../lib/gcc/arm-none-eabi/7.2.1/thumb/v7-m/crtbegin.o

.data           0x20000000      0x1b8 load address 0x00004470
                0x20000000                __data_start__ = .
 *(vtable)
 *(.data*)
 .data.SystemHFXOClock
                0x20000000        0x4 ./CMSIS/EFM32GG/system_efm32gg.o
 .data.SystemLFXOClock
                0x20000004        0x4 ./CMSIS/EFM32GG/system_efm32gg.o
 .data.SystemCoreClock
                0x20000008        0x4 ./CMSIS/EFM32GG/system_efm32gg.o
                0x20000008                SystemCoreClock
 .data.channelMaxValues
                0x2000000c       0x40 ./drivers/caplesense.o
 .data.init.6230
                0x2000004c        0x1 ./drivers/caplesense.o
 *fill*         0x2000004d        0x3 
 .data.Number   0x20000050       0x38 ./src/segmentlcd_individual.o
                0x20000050                Number
 .data.Text     0x20000088       0xc4 ./src/segmentlcd_individual.o
                0x20000088                Text
 .data._impure_ptr
                0x2000014c        0x4 c:/siliconlabs/simplicitystudio/v4/developer/toolchains/gnu_arm/7.2_2017q4/bin/../lib/gcc/arm-none-eabi/7.2.1/../../../../arm-none-eabi/lib/thumb/v7-m\libc_nano.a(lib_a-impure.o)
                0x2000014c                _impure_ptr
 .data.impure_data
                0x20000150       0x60 c:/siliconlabs/simplicitystudio/v4/developer/toolchains/gnu_arm/7.2_2017q4/bin/../lib/gcc/arm-none-eabi/7.2.1/../../../../arm-none-eabi/lib/thumb/v7-m\libc_nano.a(lib_a-impure.o)
                0x200001b0                . = ALIGN (0x4)
                [!provide]                PROVIDE (__ram_func_section_start, .)
 *(.ram)
                [!provide]                PROVIDE (__ram_func_section_end, .)
                0x200001b0                . = ALIGN (0x4)
                0x200001b0                PROVIDE (__preinit_array_start, .)
 *(.preinit_array)
                0x200001b0                PROVIDE (__preinit_array_end, .)
                0x200001b0                . = ALIGN (0x4)
                0x200001b0                PROVIDE (__init_array_start, .)
 *(SORT_BY_NAME(.init_array.*))
 *(.init_array)
 .init_array    0x200001b0        0x4 c:/siliconlabs/simplicitystudio/v4/developer/toolchains/gnu_arm/7.2_2017q4/bin/../lib/gcc/arm-none-eabi/7.2.1/thumb/v7-m/crtbegin.o
                0x200001b4                PROVIDE (__init_array_end, .)
                0x200001b4                . = ALIGN (0x4)
                [!provide]                PROVIDE (__fini_array_start, .)
 *(SORT_BY_NAME(.fini_array.*))
 *(.fini_array)
 .fini_array    0x200001b4        0x4 c:/siliconlabs/simplicitystudio/v4/developer/toolchains/gnu_arm/7.2_2017q4/bin/../lib/gcc/arm-none-eabi/7.2.1/thumb/v7-m/crtbegin.o
                [!provide]                PROVIDE (__fini_array_end, .)
 *(.jcr*)
                0x200001b8                . = ALIGN (0x4)
                0x200001b8                __data_end__ = .

.igot.plt       0x200001b8        0x0 load address 0x00004628
 .igot.plt      0x200001b8        0x0 c:/siliconlabs/simplicitystudio/v4/developer/toolchains/gnu_arm/7.2_2017q4/bin/../lib/gcc/arm-none-eabi/7.2.1/thumb/v7-m/crtbegin.o

.bss            0x200001b8       0xa8 load address 0x00004628
                0x200001b8                . = ALIGN (0x4)
                0x200001b8                __bss_start__ = .
 *(.bss*)
 .bss           0x200001b8       0x1c c:/siliconlabs/simplicitystudio/v4/developer/toolchains/gnu_arm/7.2_2017q4/bin/../lib/gcc/arm-none-eabi/7.2.1/thumb/v7-m/crtbegin.o
 .bss.channelValues
                0x200001d4       0x40 ./drivers/caplesense.o
 .bss.lesenseScanCb
                0x20000214        0x4 ./drivers/caplesense.o
 .bss.lesenseChCb
                0x20000218        0x4 ./drivers/caplesense.o
 .bss.currentChannel
                0x2000021c        0x1 ./drivers/caplesense.o
 *fill*         0x2000021d        0x3 
 .bss.capsenseCalibrateVals.6231
                0x20000220        0x8 ./drivers/caplesense.o
 .bss.duckCount
                0x20000228        0x1 ./main.o
                0x20000228                duckCount
 .bss.duckHits  0x20000229        0x1 ./main.o
                0x20000229                duckHits
 *fill*         0x2000022a        0x2 
 .bss.__malloc_free_list
                0x2000022c        0x4 c:/siliconlabs/simplicitystudio/v4/developer/toolchains/gnu_arm/7.2_2017q4/bin/../lib/gcc/arm-none-eabi/7.2.1/../../../../arm-none-eabi/lib/thumb/v7-m\libc_nano.a(lib_a-nano-mallocr.o)
                0x2000022c                __malloc_free_list
 .bss.__malloc_sbrk_start
                0x20000230        0x4 c:/siliconlabs/simplicitystudio/v4/developer/toolchains/gnu_arm/7.2_2017q4/bin/../lib/gcc/arm-none-eabi/7.2.1/../../../../arm-none-eabi/lib/thumb/v7-m\libc_nano.a(lib_a-nano-mallocr.o)
                0x20000230                __malloc_sbrk_start
 .bss.heap_end.4102
                0x20000234        0x4 c:/siliconlabs/simplicitystudio/v4/developer/toolchains/gnu_arm/7.2_2017q4/bin/../lib/gcc/arm-none-eabi/7.2.1/../../../../arm-none-eabi/lib/thumb/v7-m\libnosys.a(sbrk.o)
 *(COMMON)
 COMMON         0x20000238       0x23 ./main.o
                0x20000238                hunter
                0x2000023c                bullet
                0x20000240                coordinate
                0x20000244                duck
                0x20000248                upperCharSegments
                0x2000024c                lowerCharSegments
                0x2000025a                shoot
 *fill*         0x2000025b        0x1 
 COMMON         0x2000025c        0x4 c:/siliconlabs/simplicitystudio/v4/developer/toolchains/gnu_arm/7.2_2017q4/bin/../lib/gcc/arm-none-eabi/7.2.1/../../../../arm-none-eabi/lib/thumb/v7-m\libc_nano.a(lib_a-reent.o)
                0x2000025c                errno
                0x20000260                . = ALIGN (0x4)
                0x20000260                __bss_end__ = .

.heap           0x20000260      0xc00
                0x20000260                __HeapBase = .
                0x20000260                __end__ = .
                0x20000260                end = __end__
                0x20000260                _end = __end__
 *(.heap*)
 .heap          0x20000260      0xc00 ./CMSIS/EFM32GG/startup_gcc_efm32gg.o
                0x20000e60                __HeapLimit = .

.stack_dummy    0x20000260      0x400
 *(.stack*)
 .stack         0x20000260      0x400 ./CMSIS/EFM32GG/startup_gcc_efm32gg.o
                0x20020000                __StackTop = (ORIGIN (RAM) + LENGTH (RAM))
                0x2001fc00                __StackLimit = (__StackTop - SIZEOF (.stack_dummy))
                0x20020000                PROVIDE (__stack, __StackTop)
                0x00000001                ASSERT ((__StackLimit >= __HeapLimit), region RAM overflowed with stack)
                0x00000001                ASSERT ((LENGTH (FLASH) >= (__etext + SIZEOF (.data))), FLASH memory overflowed !)
OUTPUT(Homework.axf elf32-littlearm)

.ARM.attributes
                0x00000000       0x29
 .ARM.attributes
                0x00000000       0x1d c:/siliconlabs/simplicitystudio/v4/developer/toolchains/gnu_arm/7.2_2017q4/bin/../lib/gcc/arm-none-eabi/7.2.1/thumb/v7-m/crti.o
 .ARM.attributes
                0x0000001d       0x2d c:/siliconlabs/simplicitystudio/v4/developer/toolchains/gnu_arm/7.2_2017q4/bin/../lib/gcc/arm-none-eabi/7.2.1/thumb/v7-m/crtbegin.o
 .ARM.attributes
                0x0000004a       0x1b c:/siliconlabs/simplicitystudio/v4/developer/toolchains/gnu_arm/7.2_2017q4/bin/../lib/gcc/arm-none-eabi/7.2.1/../../../../arm-none-eabi/lib/thumb/v7-m/crt0.o
 .ARM.attributes
                0x00000065       0x1b ./CMSIS/EFM32GG/startup_gcc_efm32gg.o
 .ARM.attributes
                0x00000080       0x33 ./CMSIS/EFM32GG/system_efm32gg.o
 .ARM.attributes
                0x000000b3       0x33 ./drivers/caplesense.o
 .ARM.attributes
                0x000000e6       0x33 ./drivers/segmentlcd.o
 .ARM.attributes
                0x00000119       0x33 ./emlib/em_acmp.o
 .ARM.attributes
                0x0000014c       0x33 ./emlib/em_cmu.o
 .ARM.attributes
                0x0000017f       0x33 ./emlib/em_core.o
 .ARM.attributes
                0x000001b2       0x33 ./emlib/em_gpio.o
 .ARM.attributes
                0x000001e5       0x33 ./emlib/em_lcd.o
 .ARM.attributes
                0x00000218       0x33 ./emlib/em_lesense.o
 .ARM.attributes
                0x0000024b       0x33 ./emlib/em_system.o
 .ARM.attributes
                0x0000027e       0x33 ./emlib/em_timer.o
 .ARM.attributes
                0x000002b1       0x33 ./main.o
 .ARM.attributes
                0x000002e4       0x33 ./src/segmentlcd_individual.o
 .ARM.attributes
                0x00000317       0x2d c:/siliconlabs/simplicitystudio/v4/developer/toolchains/gnu_arm/7.2_2017q4/bin/../lib/gcc/arm-none-eabi/7.2.1/../../../../arm-none-eabi/lib/thumb/v7-m\libc_nano.a(lib_a-exit.o)
 .ARM.attributes
                0x00000344       0x2d c:/siliconlabs/simplicitystudio/v4/developer/toolchains/gnu_arm/7.2_2017q4/bin/../lib/gcc/arm-none-eabi/7.2.1/../../../../arm-none-eabi/lib/thumb/v7-m\libc_nano.a(lib_a-impure.o)
 .ARM.attributes
                0x00000371       0x2d c:/siliconlabs/simplicitystudio/v4/developer/toolchains/gnu_arm/7.2_2017q4/bin/../lib/gcc/arm-none-eabi/7.2.1/../../../../arm-none-eabi/lib/thumb/v7-m\libc_nano.a(lib_a-init.o)
 .ARM.attributes
                0x0000039e       0x2d c:/siliconlabs/simplicitystudio/v4/developer/toolchains/gnu_arm/7.2_2017q4/bin/../lib/gcc/arm-none-eabi/7.2.1/../../../../arm-none-eabi/lib/thumb/v7-m\libc_nano.a(lib_a-memset.o)
 .ARM.attributes
                0x000003cb       0x2d c:/siliconlabs/simplicitystudio/v4/developer/toolchains/gnu_arm/7.2_2017q4/bin/../lib/gcc/arm-none-eabi/7.2.1/../../../../arm-none-eabi/lib/thumb/v7-m\libc_nano.a(lib_a-rand.o)
 .ARM.attributes
                0x000003f8       0x2d c:/siliconlabs/simplicitystudio/v4/developer/toolchains/gnu_arm/7.2_2017q4/bin/../lib/gcc/arm-none-eabi/7.2.1/../../../../arm-none-eabi/lib/thumb/v7-m\libc_nano.a(lib_a-malloc.o)
 .ARM.attributes
                0x00000425       0x2d c:/siliconlabs/simplicitystudio/v4/developer/toolchains/gnu_arm/7.2_2017q4/bin/../lib/gcc/arm-none-eabi/7.2.1/../../../../arm-none-eabi/lib/thumb/v7-m\libc_nano.a(lib_a-nano-mallocr.o)
 .ARM.attributes
                0x00000452       0x2d c:/siliconlabs/simplicitystudio/v4/developer/toolchains/gnu_arm/7.2_2017q4/bin/../lib/gcc/arm-none-eabi/7.2.1/../../../../arm-none-eabi/lib/thumb/v7-m\libc_nano.a(lib_a-sbrkr.o)
 .ARM.attributes
                0x0000047f       0x2d c:/siliconlabs/simplicitystudio/v4/developer/toolchains/gnu_arm/7.2_2017q4/bin/../lib/gcc/arm-none-eabi/7.2.1/../../../../arm-none-eabi/lib/thumb/v7-m\libc_nano.a(lib_a-mlock.o)
 .ARM.attributes
                0x000004ac       0x2d c:/siliconlabs/simplicitystudio/v4/developer/toolchains/gnu_arm/7.2_2017q4/bin/../lib/gcc/arm-none-eabi/7.2.1/../../../../arm-none-eabi/lib/thumb/v7-m\libc_nano.a(lib_a-reent.o)
 .ARM.attributes
                0x000004d9       0x2d c:/siliconlabs/simplicitystudio/v4/developer/toolchains/gnu_arm/7.2_2017q4/bin/../lib/gcc/arm-none-eabi/7.2.1/../../../../arm-none-eabi/lib/thumb/v7-m\libnosys.a(sbrk.o)
 .ARM.attributes
                0x00000506       0x2d c:/siliconlabs/simplicitystudio/v4/developer/toolchains/gnu_arm/7.2_2017q4/bin/../lib/gcc/arm-none-eabi/7.2.1/../../../../arm-none-eabi/lib/thumb/v7-m\libnosys.a(_exit.o)
 .ARM.attributes
                0x00000533       0x2d c:/siliconlabs/simplicitystudio/v4/developer/toolchains/gnu_arm/7.2_2017q4/bin/../lib/gcc/arm-none-eabi/7.2.1/thumb/v7-m/crtend.o
 .ARM.attributes
                0x00000560       0x1d c:/siliconlabs/simplicitystudio/v4/developer/toolchains/gnu_arm/7.2_2017q4/bin/../lib/gcc/arm-none-eabi/7.2.1/thumb/v7-m/crtn.o

.comment        0x00000000       0x7e
 .comment       0x00000000       0x7e ./CMSIS/EFM32GG/system_efm32gg.o
                                 0x7f (size before relaxing)
 .comment       0x0000007e       0x7f ./drivers/caplesense.o
 .comment       0x0000007e       0x7f ./drivers/segmentlcd.o
 .comment       0x0000007e       0x7f ./emlib/em_acmp.o
 .comment       0x0000007e       0x7f ./emlib/em_cmu.o
 .comment       0x0000007e       0x7f ./emlib/em_core.o
 .comment       0x0000007e       0x7f ./emlib/em_gpio.o
 .comment       0x0000007e       0x7f ./emlib/em_lcd.o
 .comment       0x0000007e       0x7f ./emlib/em_lesense.o
 .comment       0x0000007e       0x7f ./emlib/em_system.o
 .comment       0x0000007e       0x7f ./emlib/em_timer.o
 .comment       0x0000007e       0x7f ./main.o
 .comment       0x0000007e       0x7f ./src/segmentlcd_individual.o

.debug_line     0x00000000     0x8df8
 .debug_line    0x00000000       0x72 ./CMSIS/EFM32GG/startup_gcc_efm32gg.o
 .debug_line    0x00000072      0x835 ./CMSIS/EFM32GG/system_efm32gg.o
 .debug_line    0x000008a7      0xb6c ./drivers/caplesense.o
 .debug_line    0x00001413      0xd6d ./drivers/segmentlcd.o
 .debug_line    0x00002180      0x913 ./emlib/em_acmp.o
 .debug_line    0x00002a93     0x10ab ./emlib/em_cmu.o
 .debug_line    0x00003b3e      0xb2d ./emlib/em_core.o
 .debug_line    0x0000466b      0x9b7 ./emlib/em_gpio.o
 .debug_line    0x00005022      0xa0b ./emlib/em_lcd.o
 .debug_line    0x00005a2d      0xbb7 ./emlib/em_lesense.o
 .debug_line    0x000065e4      0x80f ./emlib/em_system.o
 .debug_line    0x00006df3      0xab5 ./emlib/em_timer.o
 .debug_line    0x000078a8      0xcd6 ./main.o
 .debug_line    0x0000857e      0x87a ./src/segmentlcd_individual.o

.debug_info     0x00000000     0xc0be
 .debug_info    0x00000000       0x26 ./CMSIS/EFM32GG/startup_gcc_efm32gg.o
 .debug_info    0x00000026      0x7a7 ./CMSIS/EFM32GG/system_efm32gg.o
 .debug_info    0x000007cd     0x17ea ./drivers/caplesense.o
 .debug_info    0x00001fb7     0x1bfd ./drivers/segmentlcd.o
 .debug_info    0x00003bb4      0x6b6 ./emlib/em_acmp.o
 .debug_info    0x0000426a     0x1624 ./emlib/em_cmu.o
 .debug_info    0x0000588e      0xda0 ./emlib/em_core.o
 .debug_info    0x0000662e      0x6f4 ./emlib/em_gpio.o
 .debug_info    0x00006d22      0xb0e ./emlib/em_lcd.o
 .debug_info    0x00007830     0x14fd ./emlib/em_lesense.o
 .debug_info    0x00008d2d      0x2d6 ./emlib/em_system.o
 .debug_info    0x00009003      0x9e7 ./emlib/em_timer.o
 .debug_info    0x000099ea     0x2006 ./main.o
 .debug_info    0x0000b9f0      0x6ce ./src/segmentlcd_individual.o

.debug_abbrev   0x00000000     0x1f01
 .debug_abbrev  0x00000000       0x14 ./CMSIS/EFM32GG/startup_gcc_efm32gg.o
 .debug_abbrev  0x00000014      0x1eb ./CMSIS/EFM32GG/system_efm32gg.o
 .debug_abbrev  0x000001ff      0x30c ./drivers/caplesense.o
 .debug_abbrev  0x0000050b      0x2ba ./drivers/segmentlcd.o
 .debug_abbrev  0x000007c5      0x1f1 ./emlib/em_acmp.o
 .debug_abbrev  0x000009b6      0x307 ./emlib/em_cmu.o
 .debug_abbrev  0x00000cbd      0x28f ./emlib/em_core.o
 .debug_abbrev  0x00000f4c      0x21d ./emlib/em_gpio.o
 .debug_abbrev  0x00001169      0x24b ./emlib/em_lcd.o
 .debug_abbrev  0x000013b4      0x28b ./emlib/em_lesense.o
 .debug_abbrev  0x0000163f      0x153 ./emlib/em_system.o
 .debug_abbrev  0x00001792      0x234 ./emlib/em_timer.o
 .debug_abbrev  0x000019c6      0x3ad ./main.o
 .debug_abbrev  0x00001d73      0x18e ./src/segmentlcd_individual.o

.debug_aranges  0x00000000      0x850
 .debug_aranges
                0x00000000       0x20 ./CMSIS/EFM32GG/startup_gcc_efm32gg.o
 .debug_aranges
                0x00000020       0x70 ./CMSIS/EFM32GG/system_efm32gg.o
 .debug_aranges
                0x00000090       0xc0 ./drivers/caplesense.o
 .debug_aranges
                0x00000150       0xc8 ./drivers/segmentlcd.o
 .debug_aranges
                0x00000218       0x68 ./emlib/em_acmp.o
 .debug_aranges
                0x00000280      0x180 ./emlib/em_cmu.o
 .debug_aranges
                0x00000400       0xe8 ./emlib/em_core.o
 .debug_aranges
                0x000004e8       0x78 ./emlib/em_gpio.o
 .debug_aranges
                0x00000560       0xa8 ./emlib/em_lcd.o
 .debug_aranges
                0x00000608       0xc8 ./emlib/em_lesense.o
 .debug_aranges
                0x000006d0       0x28 ./emlib/em_system.o
 .debug_aranges
                0x000006f8       0x60 ./emlib/em_timer.o
 .debug_aranges
                0x00000758       0xc0 ./main.o
 .debug_aranges
                0x00000818       0x38 ./src/segmentlcd_individual.o

.debug_str      0x00000000    0xe1d11
 .debug_str     0x00000000       0x67 ./CMSIS/EFM32GG/startup_gcc_efm32gg.o
 .debug_str     0x00000067    0xd2810 ./CMSIS/EFM32GG/system_efm32gg.o
                              0xd2e73 (size before relaxing)
 .debug_str     0x000d2877     0x4c59 ./drivers/caplesense.o
                              0xd7808 (size before relaxing)
 .debug_str     0x000d74d0     0x6ca7 ./drivers/segmentlcd.o
                              0xdb199 (size before relaxing)
 .debug_str     0x000de177      0x2c5 ./emlib/em_acmp.o
                              0xd37ff (size before relaxing)
 .debug_str     0x000de43c      0xe17 ./emlib/em_cmu.o
                              0xd6caf (size before relaxing)
 .debug_str     0x000df253      0x372 ./emlib/em_core.o
                              0xd3a99 (size before relaxing)
 .debug_str     0x000df5c5      0x274 ./emlib/em_gpio.o
                              0xd36a7 (size before relaxing)
 .debug_str     0x000df839      0x35f ./emlib/em_lcd.o
                              0xd330d (size before relaxing)
 .debug_str     0x000dfb98      0x55d ./emlib/em_lesense.o
                              0xd60f6 (size before relaxing)
 .debug_str     0x000e00f5       0xac ./emlib/em_system.o
                              0xd2f3c (size before relaxing)
 .debug_str     0x000e01a1      0xa84 ./emlib/em_timer.o
                              0xd362a (size before relaxing)
 .debug_str     0x000e0c25      0x28b ./main.o
                              0xdc57a (size before relaxing)
 .debug_str     0x000e0eb0      0xe61 ./src/segmentlcd_individual.o
                              0xd3c22 (size before relaxing)

.debug_loc      0x00000000     0x46bc
 .debug_loc     0x00000000      0x31c ./CMSIS/EFM32GG/system_efm32gg.o
 .debug_loc     0x0000031c      0x64a ./drivers/caplesense.o
 .debug_loc     0x00000966      0x66a ./drivers/segmentlcd.o
 .debug_loc     0x00000fd0      0x368 ./emlib/em_acmp.o
 .debug_loc     0x00001338      0xe4c ./emlib/em_cmu.o
 .debug_loc     0x00002184      0x88c ./emlib/em_core.o
 .debug_loc     0x00002a10      0x420 ./emlib/em_gpio.o
 .debug_loc     0x00002e30      0x648 ./emlib/em_lcd.o
 .debug_loc     0x00003478      0x710 ./emlib/em_lesense.o
 .debug_loc     0x00003b88       0xb8 ./emlib/em_system.o
 .debug_loc     0x00003c40      0x2e8 ./emlib/em_timer.o
 .debug_loc     0x00003f28      0x63c ./main.o
 .debug_loc     0x00004564      0x158 ./src/segmentlcd_individual.o

.debug_ranges   0x00000000      0x760
 .debug_ranges  0x00000000       0x60 ./CMSIS/EFM32GG/system_efm32gg.o
 .debug_ranges  0x00000060       0xb0 ./drivers/caplesense.o
 .debug_ranges  0x00000110       0xb8 ./drivers/segmentlcd.o
 .debug_ranges  0x000001c8       0x58 ./emlib/em_acmp.o
 .debug_ranges  0x00000220      0x170 ./emlib/em_cmu.o
 .debug_ranges  0x00000390       0xd8 ./emlib/em_core.o
 .debug_ranges  0x00000468       0x68 ./emlib/em_gpio.o
 .debug_ranges  0x000004d0       0x98 ./emlib/em_lcd.o
 .debug_ranges  0x00000568       0xb8 ./emlib/em_lesense.o
 .debug_ranges  0x00000620       0x18 ./emlib/em_system.o
 .debug_ranges  0x00000638       0x50 ./emlib/em_timer.o
 .debug_ranges  0x00000688       0xb0 ./main.o
 .debug_ranges  0x00000738       0x28 ./src/segmentlcd_individual.o

.debug_macro    0x00000000    0x268eb
 .debug_macro   0x00000000      0x28e ./CMSIS/EFM32GG/system_efm32gg.o
 .debug_macro   0x0000028e      0xa48 ./CMSIS/EFM32GG/system_efm32gg.o
 .debug_macro   0x00000cd6       0x22 ./CMSIS/EFM32GG/system_efm32gg.o
 .debug_macro   0x00000cf8       0x4f ./CMSIS/EFM32GG/system_efm32gg.o
 .debug_macro   0x00000d47       0x51 ./CMSIS/EFM32GG/system_efm32gg.o
 .debug_macro   0x00000d98       0xef ./CMSIS/EFM32GG/system_efm32gg.o
 .debug_macro   0x00000e87       0x6a ./CMSIS/EFM32GG/system_efm32gg.o
 .debug_macro   0x00000ef1      0x1df ./CMSIS/EFM32GG/system_efm32gg.o
 .debug_macro   0x000010d0      0x39b ./CMSIS/EFM32GG/system_efm32gg.o
 .debug_macro   0x0000146b       0x1c ./CMSIS/EFM32GG/system_efm32gg.o
 .debug_macro   0x00001487       0x22 ./CMSIS/EFM32GG/system_efm32gg.o
 .debug_macro   0x000014a9       0xc3 ./CMSIS/EFM32GG/system_efm32gg.o
 .debug_macro   0x0000156c      0xe18 ./CMSIS/EFM32GG/system_efm32gg.o
 .debug_macro   0x00002384       0xe2 ./CMSIS/EFM32GG/system_efm32gg.o
 .debug_macro   0x00002466     0x2869 ./CMSIS/EFM32GG/system_efm32gg.o
 .debug_macro   0x00004ccf      0x39e ./CMSIS/EFM32GG/system_efm32gg.o
 .debug_macro   0x0000506d     0x3f12 ./CMSIS/EFM32GG/system_efm32gg.o
 .debug_macro   0x00008f7f      0x9a4 ./CMSIS/EFM32GG/system_efm32gg.o
 .debug_macro   0x00009923      0x6eb ./CMSIS/EFM32GG/system_efm32gg.o
 .debug_macro   0x0000a00e      0x283 ./CMSIS/EFM32GG/system_efm32gg.o
 .debug_macro   0x0000a291     0x1e37 ./CMSIS/EFM32GG/system_efm32gg.o
 .debug_macro   0x0000c0c8     0x30cb ./CMSIS/EFM32GG/system_efm32gg.o
 .debug_macro   0x0000f193      0x37f ./CMSIS/EFM32GG/system_efm32gg.o
 .debug_macro   0x0000f512      0x855 ./CMSIS/EFM32GG/system_efm32gg.o
 .debug_macro   0x0000fd67     0x230f ./CMSIS/EFM32GG/system_efm32gg.o
 .debug_macro   0x00012076     0x1bf6 ./CMSIS/EFM32GG/system_efm32gg.o
 .debug_macro   0x00013c6c     0x1709 ./CMSIS/EFM32GG/system_efm32gg.o
 .debug_macro   0x00015375      0x6d8 ./CMSIS/EFM32GG/system_efm32gg.o
 .debug_macro   0x00015a4d     0x106a ./CMSIS/EFM32GG/system_efm32gg.o
 .debug_macro   0x00016ab7     0x1d83 ./CMSIS/EFM32GG/system_efm32gg.o
 .debug_macro   0x0001883a      0x33d ./CMSIS/EFM32GG/system_efm32gg.o
 .debug_macro   0x00018b77      0xa66 ./CMSIS/EFM32GG/system_efm32gg.o
 .debug_macro   0x000195dd      0xfe0 ./CMSIS/EFM32GG/system_efm32gg.o
 .debug_macro   0x0001a5bd      0x894 ./CMSIS/EFM32GG/system_efm32gg.o
 .debug_macro   0x0001ae51      0xf85 ./CMSIS/EFM32GG/system_efm32gg.o
 .debug_macro   0x0001bdd6     0x12a5 ./CMSIS/EFM32GG/system_efm32gg.o
 .debug_macro   0x0001d07b      0xc4a ./CMSIS/EFM32GG/system_efm32gg.o
 .debug_macro   0x0001dcc5      0x74d ./CMSIS/EFM32GG/system_efm32gg.o
 .debug_macro   0x0001e412      0x1c9 ./CMSIS/EFM32GG/system_efm32gg.o
 .debug_macro   0x0001e5db     0x1041 ./CMSIS/EFM32GG/system_efm32gg.o
 .debug_macro   0x0001f61c      0x280 ./CMSIS/EFM32GG/system_efm32gg.o
 .debug_macro   0x0001f89c       0x40 ./CMSIS/EFM32GG/system_efm32gg.o
 .debug_macro   0x0001f8dc      0x250 ./CMSIS/EFM32GG/system_efm32gg.o
 .debug_macro   0x0001fb2c      0x1f0 ./CMSIS/EFM32GG/system_efm32gg.o
 .debug_macro   0x0001fd1c      0x166 ./CMSIS/EFM32GG/system_efm32gg.o
 .debug_macro   0x0001fe82      0x252 ./CMSIS/EFM32GG/system_efm32gg.o
 .debug_macro   0x000200d4     0x1bd7 ./CMSIS/EFM32GG/system_efm32gg.o
 .debug_macro   0x00021cab       0x2e ./CMSIS/EFM32GG/system_efm32gg.o
 .debug_macro   0x00021cd9      0x427 ./CMSIS/EFM32GG/system_efm32gg.o
 .debug_macro   0x00022100      0x427 ./CMSIS/EFM32GG/system_efm32gg.o
 .debug_macro   0x00022527      0x2fe ./drivers/caplesense.o
 .debug_macro   0x00022825       0x22 ./drivers/caplesense.o
 .debug_macro   0x00022847       0x19 ./drivers/caplesense.o
 .debug_macro   0x00022860       0x10 ./drivers/caplesense.o
 .debug_macro   0x00022870       0xc6 ./drivers/caplesense.o
 .debug_macro   0x00022936       0x12 ./drivers/caplesense.o
 .debug_macro   0x00022948       0x69 ./drivers/caplesense.o
 .debug_macro   0x000229b1      0x33e ./drivers/caplesense.o
 .debug_macro   0x00022cef       0xc0 ./drivers/caplesense.o
 .debug_macro   0x00022daf       0x63 ./drivers/caplesense.o
 .debug_macro   0x00022e12       0x9d ./drivers/caplesense.o
 .debug_macro   0x00022eaf      0x432 ./drivers/segmentlcd.o
 .debug_macro   0x000232e1       0x52 ./drivers/segmentlcd.o
 .debug_macro   0x00023333       0x17 ./drivers/segmentlcd.o
 .debug_macro   0x0002334a       0x55 ./drivers/segmentlcd.o
 .debug_macro   0x0002339f       0x35 ./drivers/segmentlcd.o
 .debug_macro   0x000233d4       0x9c ./drivers/segmentlcd.o
 .debug_macro   0x00023470       0x16 ./drivers/segmentlcd.o
 .debug_macro   0x00023486       0x57 ./drivers/segmentlcd.o
 .debug_macro   0x000234dd       0x97 ./drivers/segmentlcd.o
 .debug_macro   0x00023574      0x353 ./drivers/segmentlcd.o
 .debug_macro   0x000238c7       0xf6 ./drivers/segmentlcd.o
 .debug_macro   0x000239bd       0x10 ./drivers/segmentlcd.o
 .debug_macro   0x000239cd       0x58 ./drivers/segmentlcd.o
 .debug_macro   0x00023a25       0x1f ./drivers/segmentlcd.o
 .debug_macro   0x00023a44       0x43 ./drivers/segmentlcd.o
 .debug_macro   0x00023a87       0x20 ./drivers/segmentlcd.o
 .debug_macro   0x00023aa7      0x18e ./drivers/segmentlcd.o
 .debug_macro   0x00023c35       0x10 ./drivers/segmentlcd.o
 .debug_macro   0x00023c45       0xb6 ./drivers/segmentlcd.o
 .debug_macro   0x00023cfb       0x16 ./drivers/segmentlcd.o
 .debug_macro   0x00023d11      0x129 ./drivers/segmentlcd.o
 .debug_macro   0x00023e3a       0x16 ./drivers/segmentlcd.o
 .debug_macro   0x00023e50       0x35 ./drivers/segmentlcd.o
 .debug_macro   0x00023e85       0x16 ./drivers/segmentlcd.o
 .debug_macro   0x00023e9b       0x22 ./drivers/segmentlcd.o
 .debug_macro   0x00023ebd       0xbd ./drivers/segmentlcd.o
 .debug_macro   0x00023f7a       0xcc ./drivers/segmentlcd.o
 .debug_macro   0x00024046       0x1d ./drivers/segmentlcd.o
 .debug_macro   0x00024063      0x117 ./drivers/segmentlcd.o
 .debug_macro   0x0002417a       0x22 ./drivers/segmentlcd.o
 .debug_macro   0x0002419c      0x2c8 ./emlib/em_acmp.o
 .debug_macro   0x00024464      0x367 ./emlib/em_cmu.o
 .debug_macro   0x000247cb      0x16d ./emlib/em_cmu.o
 .debug_macro   0x00024938       0x58 ./emlib/em_cmu.o
 .debug_macro   0x00024990      0x34d ./emlib/em_cmu.o
 .debug_macro   0x00024cdd       0x25 ./emlib/em_cmu.o
 .debug_macro   0x00024d02       0xee ./emlib/em_cmu.o
 .debug_macro   0x00024df0       0x1f ./emlib/em_cmu.o
 .debug_macro   0x00024e0f      0x2c0 ./emlib/em_core.o
 .debug_macro   0x000250cf       0x63 ./emlib/em_core.o
 .debug_macro   0x00025132       0xba ./emlib/em_core.o
 .debug_macro   0x000251ec      0x2a7 ./emlib/em_gpio.o
 .debug_macro   0x00025493      0x29b ./emlib/em_lcd.o
 .debug_macro   0x0002572e       0x17 ./emlib/em_lcd.o
 .debug_macro   0x00025745      0x2d0 ./emlib/em_lesense.o
 .debug_macro   0x00025a15       0x5d ./emlib/em_lesense.o
 .debug_macro   0x00025a72      0x295 ./emlib/em_system.o
 .debug_macro   0x00025d07      0x295 ./emlib/em_timer.o
 .debug_macro   0x00025f9c       0x79 ./emlib/em_timer.o
 .debug_macro   0x00026015      0x3fa ./main.o
 .debug_macro   0x0002640f       0x7f ./main.o
 .debug_macro   0x0002648e       0x16 ./main.o
 .debug_macro   0x000264a4      0x10e ./main.o
 .debug_macro   0x000265b2       0x86 ./main.o
 .debug_macro   0x00026638      0x2a3 ./src/segmentlcd_individual.o
 .debug_macro   0x000268db       0x10 ./src/segmentlcd_individual.o

.debug_frame    0x00000000     0x22f4
 .debug_frame   0x00000000      0x180 ./CMSIS/EFM32GG/system_efm32gg.o
 .debug_frame   0x00000180      0x304 ./drivers/caplesense.o
 .debug_frame   0x00000484      0x318 ./drivers/segmentlcd.o
 .debug_frame   0x0000079c      0x190 ./emlib/em_acmp.o
 .debug_frame   0x0000092c      0x690 ./emlib/em_cmu.o
 .debug_frame   0x00000fbc      0x3dc ./emlib/em_core.o
 .debug_frame   0x00001398      0x1e0 ./emlib/em_gpio.o
 .debug_frame   0x00001578      0x2d0 ./emlib/em_lcd.o
 .debug_frame   0x00001848      0x338 ./emlib/em_lesense.o
 .debug_frame   0x00001b80       0x60 ./emlib/em_system.o
 .debug_frame   0x00001be0      0x15c ./emlib/em_timer.o
 .debug_frame   0x00001d3c      0x300 ./main.o
 .debug_frame   0x0000203c       0xa8 ./src/segmentlcd_individual.o
 .debug_frame   0x000020e4       0x28 c:/siliconlabs/simplicitystudio/v4/developer/toolchains/gnu_arm/7.2_2017q4/bin/../lib/gcc/arm-none-eabi/7.2.1/../../../../arm-none-eabi/lib/thumb/v7-m\libc_nano.a(lib_a-exit.o)
 .debug_frame   0x0000210c       0x2c c:/siliconlabs/simplicitystudio/v4/developer/toolchains/gnu_arm/7.2_2017q4/bin/../lib/gcc/arm-none-eabi/7.2.1/../../../../arm-none-eabi/lib/thumb/v7-m\libc_nano.a(lib_a-init.o)
 .debug_frame   0x00002138       0x20 c:/siliconlabs/simplicitystudio/v4/developer/toolchains/gnu_arm/7.2_2017q4/bin/../lib/gcc/arm-none-eabi/7.2.1/../../../../arm-none-eabi/lib/thumb/v7-m\libc_nano.a(lib_a-memset.o)
 .debug_frame   0x00002158       0x48 c:/siliconlabs/simplicitystudio/v4/developer/toolchains/gnu_arm/7.2_2017q4/bin/../lib/gcc/arm-none-eabi/7.2.1/../../../../arm-none-eabi/lib/thumb/v7-m\libc_nano.a(lib_a-rand.o)
 .debug_frame   0x000021a0       0x30 c:/siliconlabs/simplicitystudio/v4/developer/toolchains/gnu_arm/7.2_2017q4/bin/../lib/gcc/arm-none-eabi/7.2.1/../../../../arm-none-eabi/lib/thumb/v7-m\libc_nano.a(lib_a-malloc.o)
 .debug_frame   0x000021d0       0x2c c:/siliconlabs/simplicitystudio/v4/developer/toolchains/gnu_arm/7.2_2017q4/bin/../lib/gcc/arm-none-eabi/7.2.1/../../../../arm-none-eabi/lib/thumb/v7-m\libc_nano.a(lib_a-nano-mallocr.o)
 .debug_frame   0x000021fc       0x2c c:/siliconlabs/simplicitystudio/v4/developer/toolchains/gnu_arm/7.2_2017q4/bin/../lib/gcc/arm-none-eabi/7.2.1/../../../../arm-none-eabi/lib/thumb/v7-m\libc_nano.a(lib_a-sbrkr.o)
 .debug_frame   0x00002228       0x30 c:/siliconlabs/simplicitystudio/v4/developer/toolchains/gnu_arm/7.2_2017q4/bin/../lib/gcc/arm-none-eabi/7.2.1/../../../../arm-none-eabi/lib/thumb/v7-m\libc_nano.a(lib_a-mlock.o)
 .debug_frame   0x00002258       0x5c c:/siliconlabs/simplicitystudio/v4/developer/toolchains/gnu_arm/7.2_2017q4/bin/../lib/gcc/arm-none-eabi/7.2.1/../../../../arm-none-eabi/lib/thumb/v7-m\libc_nano.a(lib_a-reent.o)
 .debug_frame   0x000022b4       0x20 c:/siliconlabs/simplicitystudio/v4/developer/toolchains/gnu_arm/7.2_2017q4/bin/../lib/gcc/arm-none-eabi/7.2.1/../../../../arm-none-eabi/lib/thumb/v7-m\libnosys.a(sbrk.o)
 .debug_frame   0x000022d4       0x20 c:/siliconlabs/simplicitystudio/v4/developer/toolchains/gnu_arm/7.2_2017q4/bin/../lib/gcc/arm-none-eabi/7.2.1/../../../../arm-none-eabi/lib/thumb/v7-m\libnosys.a(_exit.o)
