Archive member included to satisfy reference by file (symbol)

c:/siliconlabs/simplicitystudio/v4/developer/toolchains/gnu_arm/7.2_2017q4/bin/../lib/gcc/arm-none-eabi/7.2.1/../../../../arm-none-eabi/lib/thumb/v7-m\libc_nano.a(lib_a-abs.o)
                              ./drivers/segmentlcd.o (abs)
c:/siliconlabs/simplicitystudio/v4/developer/toolchains/gnu_arm/7.2_2017q4/bin/../lib/gcc/arm-none-eabi/7.2.1/../../../../arm-none-eabi/lib/thumb/v7-m\libc_nano.a(lib_a-exit.o)
                              c:/siliconlabs/simplicitystudio/v4/developer/toolchains/gnu_arm/7.2_2017q4/bin/../lib/gcc/arm-none-eabi/7.2.1/../../../../arm-none-eabi/lib/thumb/v7-m/crt0.o (exit)
c:/siliconlabs/simplicitystudio/v4/developer/toolchains/gnu_arm/7.2_2017q4/bin/../lib/gcc/arm-none-eabi/7.2.1/../../../../arm-none-eabi/lib/thumb/v7-m\libc_nano.a(lib_a-impure.o)
                              c:/siliconlabs/simplicitystudio/v4/developer/toolchains/gnu_arm/7.2_2017q4/bin/../lib/gcc/arm-none-eabi/7.2.1/../../../../arm-none-eabi/lib/thumb/v7-m\libc_nano.a(lib_a-exit.o) (_global_impure_ptr)
c:/siliconlabs/simplicitystudio/v4/developer/toolchains/gnu_arm/7.2_2017q4/bin/../lib/gcc/arm-none-eabi/7.2.1/../../../../arm-none-eabi/lib/thumb/v7-m\libc_nano.a(lib_a-init.o)
                              c:/siliconlabs/simplicitystudio/v4/developer/toolchains/gnu_arm/7.2_2017q4/bin/../lib/gcc/arm-none-eabi/7.2.1/../../../../arm-none-eabi/lib/thumb/v7-m/crt0.o (__libc_init_array)
c:/siliconlabs/simplicitystudio/v4/developer/toolchains/gnu_arm/7.2_2017q4/bin/../lib/gcc/arm-none-eabi/7.2.1/../../../../arm-none-eabi/lib/thumb/v7-m\libc_nano.a(lib_a-memset.o)
                              c:/siliconlabs/simplicitystudio/v4/developer/toolchains/gnu_arm/7.2_2017q4/bin/../lib/gcc/arm-none-eabi/7.2.1/../../../../arm-none-eabi/lib/thumb/v7-m/crt0.o (memset)
c:/siliconlabs/simplicitystudio/v4/developer/toolchains/gnu_arm/7.2_2017q4/bin/../lib/gcc/arm-none-eabi/7.2.1/../../../../arm-none-eabi/lib/thumb/v7-m\libc_nano.a(lib_a-rand.o)
                              ./main.o (srand)
c:/siliconlabs/simplicitystudio/v4/developer/toolchains/gnu_arm/7.2_2017q4/bin/../lib/gcc/arm-none-eabi/7.2.1/../../../../arm-none-eabi/lib/thumb/v7-m\libc_nano.a(lib_a-strlen.o)
                              ./drivers/segmentlcd.o (strlen)
c:/siliconlabs/simplicitystudio/v4/developer/toolchains/gnu_arm/7.2_2017q4/bin/../lib/gcc/arm-none-eabi/7.2.1/../../../../arm-none-eabi/lib/thumb/v7-m\libc_nano.a(lib_a-malloc.o)
                              c:/siliconlabs/simplicitystudio/v4/developer/toolchains/gnu_arm/7.2_2017q4/bin/../lib/gcc/arm-none-eabi/7.2.1/../../../../arm-none-eabi/lib/thumb/v7-m\libc_nano.a(lib_a-rand.o) (malloc)
c:/siliconlabs/simplicitystudio/v4/developer/toolchains/gnu_arm/7.2_2017q4/bin/../lib/gcc/arm-none-eabi/7.2.1/../../../../arm-none-eabi/lib/thumb/v7-m\libc_nano.a(lib_a-nano-freer.o)
                              c:/siliconlabs/simplicitystudio/v4/developer/toolchains/gnu_arm/7.2_2017q4/bin/../lib/gcc/arm-none-eabi/7.2.1/../../../../arm-none-eabi/lib/thumb/v7-m\libc_nano.a(lib_a-malloc.o) (_free_r)
c:/siliconlabs/simplicitystudio/v4/developer/toolchains/gnu_arm/7.2_2017q4/bin/../lib/gcc/arm-none-eabi/7.2.1/../../../../arm-none-eabi/lib/thumb/v7-m\libc_nano.a(lib_a-nano-mallocr.o)
                              c:/siliconlabs/simplicitystudio/v4/developer/toolchains/gnu_arm/7.2_2017q4/bin/../lib/gcc/arm-none-eabi/7.2.1/../../../../arm-none-eabi/lib/thumb/v7-m\libc_nano.a(lib_a-malloc.o) (_malloc_r)
c:/siliconlabs/simplicitystudio/v4/developer/toolchains/gnu_arm/7.2_2017q4/bin/../lib/gcc/arm-none-eabi/7.2.1/../../../../arm-none-eabi/lib/thumb/v7-m\libc_nano.a(lib_a-sbrkr.o)
                              c:/siliconlabs/simplicitystudio/v4/developer/toolchains/gnu_arm/7.2_2017q4/bin/../lib/gcc/arm-none-eabi/7.2.1/../../../../arm-none-eabi/lib/thumb/v7-m\libc_nano.a(lib_a-nano-mallocr.o) (_sbrk_r)
c:/siliconlabs/simplicitystudio/v4/developer/toolchains/gnu_arm/7.2_2017q4/bin/../lib/gcc/arm-none-eabi/7.2.1/../../../../arm-none-eabi/lib/thumb/v7-m\libc_nano.a(lib_a-mlock.o)
                              c:/siliconlabs/simplicitystudio/v4/developer/toolchains/gnu_arm/7.2_2017q4/bin/../lib/gcc/arm-none-eabi/7.2.1/../../../../arm-none-eabi/lib/thumb/v7-m\libc_nano.a(lib_a-nano-freer.o) (__malloc_lock)
c:/siliconlabs/simplicitystudio/v4/developer/toolchains/gnu_arm/7.2_2017q4/bin/../lib/gcc/arm-none-eabi/7.2.1/../../../../arm-none-eabi/lib/thumb/v7-m\libc_nano.a(lib_a-reent.o)
                              c:/siliconlabs/simplicitystudio/v4/developer/toolchains/gnu_arm/7.2_2017q4/bin/../lib/gcc/arm-none-eabi/7.2.1/../../../../arm-none-eabi/lib/thumb/v7-m\libc_nano.a(lib_a-sbrkr.o) (errno)
c:/siliconlabs/simplicitystudio/v4/developer/toolchains/gnu_arm/7.2_2017q4/bin/../lib/gcc/arm-none-eabi/7.2.1/../../../../arm-none-eabi/lib/thumb/v7-m\libnosys.a(sbrk.o)
[...]
Memory Configuration

Name             Origin             Length             Attributes
FLASH            0x00000000         0x00100000         xr
RAM              0x20000000         0x00020000         xrw
*default*        0x00000000         0xffffffff

Linker script and memory map

LOAD c:/siliconlabs/simplicitystudio/v4/developer/toolchains/gnu_arm/7.2_2017q4/bin/../lib/gcc/arm-none-eabi/7.2.1/thumb/v7-m/crti.o
LOAD c:/siliconlabs/simplicitystudio/v4/developer/toolchains/gnu_arm/7.2_2017q4/bin/../lib/gcc/arm-none-eabi/7.2.1/thumb/v7-m/crtbegin.o
LOAD c:/siliconlabs/simplicitystudio/v4/developer/toolchains/gnu_arm/7.2_2017q4/bin/../lib/gcc/arm-none-eabi/7.2.1/../../../../arm-none-eabi/lib/thumb/v7-m/crt0.o
LOAD ./CMSIS/EFM32GG/startup_gcc_efm32gg.o
LOAD ./CMSIS/EFM32GG/system_efm32gg.o
LOAD ./drivers/segmentlcd.o
LOAD ./emlib/em_cmu.o
LOAD ./emlib/em_emu.o
LOAD ./emlib/em_gpio.o
LOAD ./emlib/em_lcd.o
LOAD ./emlib/em_system.o
LOAD ./emlib/em_timer.o
LOAD ./main.o
LOAD ./src/segmentlcd_individual.o
START GROUP
LOAD c:/siliconlabs/simplicitystudio/v4/developer/toolchains/gnu_arm/7.2_2017q4/bin/../lib/gcc/arm-none-eabi/7.2.1/thumb/v7-m\libgcc.a
LOAD c:/siliconlabs/simplicitystudio/v4/developer/toolchains/gnu_arm/7.2_2017q4/bin/../lib/gcc/arm-none-eabi/7.2.1/../../../../arm-none-eabi/lib/thumb/v7-m\libc_nano.a
LOAD c:/siliconlabs/simplicitystudio/v4/developer/toolchains/gnu_arm/7.2_2017q4/bin/../lib/gcc/arm-none-eabi/7.2.1/../../../../arm-none-eabi/lib/thumb/v7-m\libnosys.a
END GROUP
START GROUP
LOAD c:/siliconlabs/simplicitystudio/v4/developer/toolchains/gnu_arm/7.2_2017q4/bin/../lib/gcc/arm-none-eabi/7.2.1/thumb/v7-m\libgcc.a
LOAD c:/siliconlabs/simplicitystudio/v4/developer/toolchains/gnu_arm/7.2_2017q4/bin/../lib/gcc/arm-none-eabi/7.2.1/../../../../arm-none-eabi/lib/thumb/v7-m\libg_nano.a
LOAD c:/siliconlabs/simplicitystudio/v4/developer/toolchains/gnu_arm/7.2_2017q4/bin/../lib/gcc/arm-none-eabi/7.2.1/../../../../arm-none-eabi/lib/thumb/v7-m\libc_nano.a
END GROUP
START GROUP
LOAD c:/siliconlabs/simplicitystudio/v4/developer/toolchains/gnu_arm/7.2_2017q4/bin/../lib/gcc/arm-none-eabi/7.2.1/thumb/v7-m\libgcc.a
LOAD c:/siliconlabs/simplicitystudio/v4/developer/toolchains/gnu_arm/7.2_2017q4/bin/../lib/gcc/arm-none-eabi/7.2.1/../../../../arm-none-eabi/lib/thumb/v7-m\libc_nano.a
END GROUP
LOAD c:/siliconlabs/simplicitystudio/v4/developer/toolchains/gnu_arm/7.2_2017q4/bin/../lib/gcc/arm-none-eabi/7.2.1/thumb/v7-m/crtend.o
LOAD c:/siliconlabs/simplicitystudio/v4/developer/toolchains/gnu_arm/7.2_2017q4/bin/../lib/gcc/arm-none-eabi/7.2.1/thumb/v7-m/crtn.o

.text           0x00000000     0x226c
 *(.vectors)
 .vectors       0x00000000       0xdc ./CMSIS/EFM32GG/startup_gcc_efm32gg.o
                0x00000000                __Vectors
                0x000000dc                __Vectors_End = .
                0x000000dc                __Vectors_Size = (__Vectors_End - __Vectors)
                0x000000dc                __end__ = .
 *(.text*)
 .text          0x000000dc       0x40 c:/siliconlabs/simplicitystudio/v4/developer/toolchains/gnu_arm/7.2_2017q4/bin/../lib/gcc/arm-none-eabi/7.2.1/thumb/v7-m/crtbegin.o
 .text          0x0000011c       0x74 c:/siliconlabs/simplicitystudio/v4/developer/toolchains/gnu_arm/7.2_2017q4/bin/../lib/gcc/arm-none-eabi/7.2.1/../../../../arm-none-eabi/lib/thumb/v7-m/crt0.o
                0x0000011c                _start
                0x0000011c                _mainCRTStartup
 .text          0x00000190       0x30 ./CMSIS/EFM32GG/startup_gcc_efm32gg.o
                0x00000190                Reset_Handler
                0x000001bc                DebugMon_Handler
                0x000001bc                USART0_TX_IRQHandler
                0x000001bc                I2C0_IRQHandler
                0x000001bc                HardFault_Handler
                0x000001bc                LEUART1_IRQHandler
                0x000001bc                SysTick_Handler
                0x000001bc                USART1_RX_IRQHandler
                0x000001bc                PendSV_Handler
                0x000001bc                NMI_Handler
                0x000001bc                I2C1_IRQHandler
                0x000001bc                TIMER3_IRQHandler
                0x000001bc                USART1_TX_IRQHandler
                0x000001bc                MSC_IRQHandler
                0x000001bc                ADC0_IRQHandler
                0x000001bc                UsageFault_Handler
                0x000001bc                LEUART0_IRQHandler
                0x000001bc                UART0_TX_IRQHandler
                0x000001bc                UART1_TX_IRQHandler
                0x000001bc                RTC_IRQHandler
                0x000001bc                TIMER0_IRQHandler
                0x000001bc                TIMER2_IRQHandler
                0x000001bc                LCD_IRQHandler
                0x000001bc                PCNT2_IRQHandler
                0x000001bc                UART0_RX_IRQHandler
                0x000001bc                LETIMER0_IRQHandler
                0x000001bc                USART2_RX_IRQHandler
                0x000001bc                Default_Handler
                0x000001bc                EMU_IRQHandler
                0x000001bc                PCNT0_IRQHandler
                0x000001bc                sl_app_properties
                0x000001bc                USB_IRQHandler
                0x000001bc                BURTC_IRQHandler
                0x000001bc                PCNT1_IRQHandler
                0x000001bc                ACMP0_IRQHandler
                0x000001bc                USART0_RX_IRQHandler
                0x000001bc                MemManage_Handler
                0x000001bc                SVC_Handler
                0x000001bc                DAC0_IRQHandler
                0x000001bc                UART1_RX_IRQHandler
                0x000001bc                CMU_IRQHandler
                0x000001bc                EBI_IRQHandler
                0x000001bc                LESENSE_IRQHandler
                0x000001bc                AES_IRQHandler
                0x000001bc                VCMP_IRQHandler
                0x000001bc                DMA_IRQHandler
                0x000001bc                BusFault_Handler
                0x000001bc                USART2_TX_IRQHandler
 .text.GetProdRev
                0x000001c0       0x18 ./CMSIS/EFM32GG/system_efm32gg.o
 .text.SystemCoreClockGet
                0x000001d8       0x34 ./CMSIS/EFM32GG/system_efm32gg.o
                0x000001d8                SystemCoreClockGet
 .text.SystemMaxCoreClockGet
                0x0000020c       0x14 ./CMSIS/EFM32GG/system_efm32gg.o
                0x0000020c                SystemMaxCoreClockGet
 .text.SystemHFClockGet
                0x00000220      0x100 ./CMSIS/EFM32GG/system_efm32gg.o
                0x00000220                SystemHFClockGet
 .text.SystemHFXOClockGet
                0x00000320       0x14 ./CMSIS/EFM32GG/system_efm32gg.o
                0x00000320                SystemHFXOClockGet
 .text.SystemInit
                0x00000334       0x1c ./CMSIS/EFM32GG/system_efm32gg.o
                0x00000334                SystemInit
 .text.LCD_SyncBusyDelay
                0x00000350       0x24 ./drivers/segmentlcd.o
 .text.LCD_IntDisable
                0x00000374       0x24 ./drivers/segmentlcd.o
 .text.SegmentLCD_AllOff
                0x00000398       0xac ./drivers/segmentlcd.o
                0x00000398                SegmentLCD_AllOff
 .text.SegmentLCD_Init
                0x00000444       0xb8 ./drivers/segmentlcd.o
                0x00000444                SegmentLCD_Init
 .text.BUS_RegBitWrite
                0x000004fc       0x2c ./emlib/em_cmu.o
 .text.BUS_RegBitRead
                0x00000528       0x28 ./emlib/em_cmu.o
 .text.CMU_DivToLog2
                0x00000550       0x30 ./emlib/em_cmu.o
 .text.SYSTEM_GetFamily
                0x00000580       0x18 ./emlib/em_cmu.o
 .text.maxFreqHfle
                0x00000598       0x7c ./emlib/em_cmu.o
 .text.setHfLeConfig
                0x00000614       0x64 ./emlib/em_cmu.o
 .text.flashWaitStateControl
                0x00000678       0x98 ./emlib/em_cmu.o
 .text.flashWaitStateMax
                0x00000710       0x44 ./emlib/em_cmu.o
 .text.CMU_UpdateWaitStates
                0x00000754       0x40 ./emlib/em_cmu.o
                0x00000754                CMU_UpdateWaitStates
 .text.syncReg  0x00000794       0x34 ./emlib/em_cmu.o
 .text.hfperClkSafePrescaler
                0x000007c8        0xc ./emlib/em_cmu.o
 .text.hfperClkOptimizedPrescaler
                0x000007d4        0xc ./emlib/em_cmu.o
 .text.CMU_ClockDivSet
                0x000007e0      0x264 ./emlib/em_cmu.o
                0x000007e0                CMU_ClockDivSet
 .text.CMU_ClockEnable
                0x00000a44       0xc8 ./emlib/em_cmu.o
                0x00000a44                CMU_ClockEnable
 .text.CMU_ClockSelectSet
                0x00000b0c      0x298 ./emlib/em_cmu.o
                0x00000b0c                CMU_ClockSelectSet
 .text.CMU_LCDClkFDIVSet
                0x00000da4       0x3c ./emlib/em_cmu.o
                0x00000da4                CMU_LCDClkFDIVSet
 .text.CMU_OscillatorEnable
                0x00000de0       0xbc ./emlib/em_cmu.o
                0x00000de0                CMU_OscillatorEnable
 .text.BUS_RegBitWrite
                0x00000e9c       0x2c ./emlib/em_gpio.o
 .text.BUS_RegMaskedWrite
                0x00000ec8       0x28 ./emlib/em_gpio.o
 .text.GPIO_IntClear
                0x00000ef0       0x20 ./emlib/em_gpio.o
 .text.GPIO_PinOutClear
                0x00000f10       0x58 ./emlib/em_gpio.o
 .text.GPIO_PinOutSet
                0x00000f68       0x58 ./emlib/em_gpio.o
 .text.GPIO_ExtIntConfig
                0x00000fc0       0xd4 ./emlib/em_gpio.o
                0x00000fc0                GPIO_ExtIntConfig
 .text.GPIO_PinModeSet
                0x00001094      0x118 ./emlib/em_gpio.o
                0x00001094                GPIO_PinModeSet
 .text.LCD_Enable
                0x000011ac       0x38 ./emlib/em_lcd.o
 .text.BUS_RegBitWrite
                0x000011e4       0x2c ./emlib/em_lcd.o
 .text.LCD_Init
                0x00001210       0x78 ./emlib/em_lcd.o
                0x00001210                LCD_Init
 .text.LCD_VLCDSelect
                0x00001288       0x44 ./emlib/em_lcd.o
                0x00001288                LCD_VLCDSelect
 .text.LCD_SegmentRangeEnable
                0x000012cc       0x40 ./emlib/em_lcd.o
                0x000012cc                LCD_SegmentRangeEnable
 .text.LCD_SegmentSet
                0x0000130c      0x1c8 ./emlib/em_lcd.o
                0x0000130c                LCD_SegmentSet
 .text.LCD_SegmentSetLow
                0x000014d4      0x17c ./emlib/em_lcd.o
                0x000014d4                LCD_SegmentSetLow
 .text.LCD_SegmentSetHigh
                0x00001650      0x17c ./emlib/em_lcd.o
                0x00001650                LCD_SegmentSetHigh
 .text.LCD_VBoostSet
                0x000017cc       0x28 ./emlib/em_lcd.o
                0x000017cc                LCD_VBoostSet
 .text.SYSTEM_ChipRevisionGet
                0x000017f4       0x78 ./emlib/em_system.o
                0x000017f4                SYSTEM_ChipRevisionGet
 .text.TIMER_Valid
                0x0000186c       0x50 ./emlib/em_timer.o
 .text.TIMER_Init
                0x000018bc       0xe8 ./emlib/em_timer.o
                0x000018bc                TIMER_Init
 .text.__NVIC_EnableIRQ
                0x000019a4       0x38 ./main.o
 .text.__NVIC_SetPriority
                0x000019dc       0x54 ./main.o
 .text.GPIO_IntClear
                0x00001a30       0x20 ./main.o
 .text.GPIO_IntConfig
                0x00001a50       0x36 ./main.o
 *fill*         0x00001a86        0x2 
 .text.SYSTEM_GetProdRev
                0x00001a88       0x18 ./main.o
 .text.TIMER_MaxCount
                0x00001aa0       0x16 ./main.o
 .text.TIMER_CounterGet
                0x00001ab6       0x16 ./main.o
 .text.TIMER_IntClear
                0x00001acc       0x1a ./main.o
 .text.TIMER_IntEnable
                0x00001ae6       0x20 ./main.o
 .text.TIMER_TopSet
                0x00001b06       0x1e ./main.o
 .text.CHIP_Init
                0x00001b24       0x48 ./main.o
 .text.delay    0x00001b6c       0x28 ./main.o
                0x00001b6c                delay
 .text.lowerLcdUpdate
                0x00001b94      0x14c ./main.o
                0x00001b94                lowerLcdUpdate
 .text.duckNewPosition
                0x00001ce0       0x4c ./main.o
                0x00001ce0                duckNewPosition
 .text.TIMER1_IRQHandler
                0x00001d2c       0x18 ./main.o
                0x00001d2c                TIMER1_IRQHandler
 .text.GPIO_IRQHandler
                0x00001d44       0x1c ./main.o
                0x00001d44                GPIO_IRQHandler
 .text.GPIO_EVEN_IRQHandler
                0x00001d60        0xc ./main.o
                0x00001d60                GPIO_EVEN_IRQHandler
 .text.GPIO_ODD_IRQHandler
                0x00001d6c        0xc ./main.o
                0x00001d6c                GPIO_ODD_IRQHandler
 .text.main     0x00001d78      0x188 ./main.o
                0x00001d78                main
 .text.LCD_FreezeEnable
                0x00001f00       0x2c ./src/segmentlcd_individual.o
 .text.LCD_SyncBusyDelay
                0x00001f2c       0x24 ./src/segmentlcd_individual.o
 .text.SegmentLCD_LowerSegments
                0x00001f50       0xb0 ./src/segmentlcd_individual.o
                0x00001f50                SegmentLCD_LowerSegments
 .text.exit     0x00002000       0x28 c:/siliconlabs/simplicitystudio/v4/developer/toolchains/gnu_arm/7.2_2017q4/bin/../lib/gcc/arm-none-eabi/7.2.1/../../../../arm-none-eabi/lib/thumb/v7-m\libc_nano.a(lib_a-exit.o)
                0x00002000                exit
 .text.__libc_init_array
                0x00002028       0x48 c:/siliconlabs/simplicitystudio/v4/developer/toolchains/gnu_arm/7.2_2017q4/bin/../lib/gcc/arm-none-eabi/7.2.1/../../../../arm-none-eabi/lib/thumb/v7-m\libc_nano.a(lib_a-init.o)
                0x00002028                __libc_init_array
 .text.memset   0x00002070       0x10 c:/siliconlabs/simplicitystudio/v4/developer/toolchains/gnu_arm/7.2_2017q4/bin/../lib/gcc/arm-none-eabi/7.2.1/../../../../arm-none-eabi/lib/thumb/v7-m\libc_nano.a(lib_a-memset.o)
                0x00002070                memset
 .text.srand    0x00002080       0x48 c:/siliconlabs/simplicitystudio/v4/developer/toolchains/gnu_arm/7.2_2017q4/bin/../lib/gcc/arm-none-eabi/7.2.1/../../../../arm-none-eabi/lib/thumb/v7-m\libc_nano.a(lib_a-rand.o)
                0x00002080                srand
 .text.rand     0x000020c8       0x68 c:/siliconlabs/simplicitystudio/v4/developer/toolchains/gnu_arm/7.2_2017q4/bin/../lib/gcc/arm-none-eabi/7.2.1/../../../../arm-none-eabi/lib/thumb/v7-m\libc_nano.a(lib_a-rand.o)
                0x000020c8                rand
 .text.malloc   0x00002130       0x10 c:/siliconlabs/simplicitystudio/v4/developer/toolchains/gnu_arm/7.2_2017q4/bin/../lib/gcc/arm-none-eabi/7.2.1/../../../../arm-none-eabi/lib/thumb/v7-m\libc_nano.a(lib_a-malloc.o)
                0x00002130                malloc
 .text._malloc_r
                0x00002140       0xb4 c:/siliconlabs/simplicitystudio/v4/developer/toolchains/gnu_arm/7.2_2017q4/bin/../lib/gcc/arm-none-eabi/7.2.1/../../../../arm-none-eabi/lib/thumb/v7-m\libc_nano.a(lib_a-nano-mallocr.o)
                0x00002140                _malloc_r
 .text._sbrk_r  0x000021f4       0x20 c:/siliconlabs/simplicitystudio/v4/developer/toolchains/gnu_arm/7.2_2017q4/bin/../lib/gcc/arm-none-eabi/7.2.1/../../../../arm-none-eabi/lib/thumb/v7-m\libc_nano.a(lib_a-sbrkr.o)
                0x000021f4                _sbrk_r
 .text.__malloc_lock
                0x00002214        0x2 c:/siliconlabs/simplicitystudio/v4/developer/toolchains/gnu_arm/7.2_2017q4/bin/../lib/gcc/arm-none-eabi/7.2.1/../../../../arm-none-eabi/lib/thumb/v7-m\libc_nano.a(lib_a-mlock.o)
                0x00002214                __malloc_lock
 .text.__malloc_unlock
                0x00002216        0x2 c:/siliconlabs/simplicitystudio/v4/developer/toolchains/gnu_arm/7.2_2017q4/bin/../lib/gcc/arm-none-eabi/7.2.1/../../../../arm-none-eabi/lib/thumb/v7-m\libc_nano.a(lib_a-mlock.o)
                0x00002216                __malloc_unlock
 .text._sbrk    0x00002218       0x1c c:/siliconlabs/simplicitystudio/v4/developer/toolchains/gnu_arm/7.2_2017q4/bin/../lib/gcc/arm-none-eabi/7.2.1/../../../../arm-none-eabi/lib/thumb/v7-m\libnosys.a(sbrk.o)
                0x00002218                _sbrk
 .text._exit    0x00002234        0x4 c:/siliconlabs/simplicitystudio/v4/developer/toolchains/gnu_arm/7.2_2017q4/bin/../lib/gcc/arm-none-eabi/7.2.1/../../../../arm-none-eabi/lib/thumb/v7-m\libnosys.a(_exit.o)
                0x00002234                _exit
 *(.init)
 .init          0x00002238        0x4 c:/siliconlabs/simplicitystudio/v4/developer/toolchains/gnu_arm/7.2_2017q4/bin/../lib/gcc/arm-none-eabi/7.2.1/thumb/v7-m/crti.o
                0x00002238                _init
 .init          0x0000223c        0x8 c:/siliconlabs/simplicitystudio/v4/developer/toolchains/gnu_arm/7.2_2017q4/bin/../lib/gcc/arm-none-eabi/7.2.1/thumb/v7-m/crtn.o
 *(.fini)
 .fini          0x00002244        0x4 c:/siliconlabs/simplicitystudio/v4/developer/toolchains/gnu_arm/7.2_2017q4/bin/../lib/gcc/arm-none-eabi/7.2.1/thumb/v7-m/crti.o
                0x00002244                _fini
 .fini          0x00002248        0x8 c:/siliconlabs/simplicitystudio/v4/developer/toolchains/gnu_arm/7.2_2017q4/bin/../lib/gcc/arm-none-eabi/7.2.1/thumb/v7-m/crtn.o
 *crtbegin.o(.ctors)
 *crtbegin?.o(.ctors)
 *(EXCLUDE_FILE(*crtend.o *crtend?.o) .ctors)
 *(SORT_BY_NAME(.ctors.*))
 *(.ctors)
 *crtbegin.o(.dtors)
 *crtbegin?.o(.dtors)
 *(EXCLUDE_FILE(*crtend.o *crtend?.o) .dtors)
 *(SORT_BY_NAME(.dtors.*))
 *(.dtors)
 *(.rodata*)
 .rodata.lcdInit
                0x00002250       0x14 ./drivers/segmentlcd.o
 .rodata._global_impure_ptr
                0x00002264        0x4 c:/siliconlabs/simplicitystudio/v4/developer/toolchains/gnu_arm/7.2_2017q4/bin/../lib/gcc/arm-none-eabi/7.2.1/../../../../arm-none-eabi/lib/thumb/v7-m\libc_nano.a(lib_a-impure.o)
                0x00002264                _global_impure_ptr
 *(.eh_frame*)
 .eh_frame      0x00002268        0x0 c:/siliconlabs/simplicitystudio/v4/developer/toolchains/gnu_arm/7.2_2017q4/bin/../lib/gcc/arm-none-eabi/7.2.1/thumb/v7-m/crtbegin.o
 .eh_frame      0x00002268        0x4 c:/siliconlabs/simplicitystudio/v4/developer/toolchains/gnu_arm/7.2_2017q4/bin/../lib/gcc/arm-none-eabi/7.2.1/thumb/v7-m/crtend.o

.glue_7         0x0000226c        0x0
 .glue_7        0x0000226c        0x0 linker stubs

.glue_7t        0x0000226c        0x0
 .glue_7t       0x0000226c        0x0 linker stubs

.vfp11_veneer   0x0000226c        0x0
 .vfp11_veneer  0x0000226c        0x0 linker stubs

.v4_bx          0x0000226c        0x0
 .v4_bx         0x0000226c        0x0 linker stubs

.iplt           0x0000226c        0x0
 .iplt          0x0000226c        0x0 c:/siliconlabs/simplicitystudio/v4/developer/toolchains/gnu_arm/7.2_2017q4/bin/../lib/gcc/arm-none-eabi/7.2.1/thumb/v7-m/crtbegin.o

.ARM.extab
 *(.ARM.extab* .gnu.linkonce.armextab.*)
                0x0000226c                __exidx_start = .

.ARM.exidx      0x0000226c        0x8
 *(.ARM.exidx* .gnu.linkonce.armexidx.*)
 .ARM.exidx     0x0000226c        0x8 c:/siliconlabs/simplicitystudio/v4/developer/toolchains/gnu_arm/7.2_2017q4/bin/../lib/gcc/arm-none-eabi/7.2.1/../../../../arm-none-eabi/lib/thumb/v7-m/crt0.o
                0x00002274                __exidx_end = .
                0x00002274                __etext = .

.rel.dyn        0x00002274        0x0
 .rel.iplt      0x00002274        0x0 c:/siliconlabs/simplicitystudio/v4/developer/toolchains/gnu_arm/7.2_2017q4/bin/../lib/gcc/arm-none-eabi/7.2.1/thumb/v7-m/crtbegin.o

.data           0x20000000      0x13c load address 0x00002274
                0x20000000                __data_start__ = .
 *(vtable)
 *(.data*)
 .data.SystemHFXOClock
                0x20000000        0x4 ./CMSIS/EFM32GG/system_efm32gg.o
 .data.SystemLFXOClock
                0x20000004        0x4 ./CMSIS/EFM32GG/system_efm32gg.o
 .data.SystemCoreClock
                0x20000008        0x4 ./CMSIS/EFM32GG/system_efm32gg.o
                0x20000008                SystemCoreClock
 .data.Text     0x2000000c       0xc4 ./src/segmentlcd_individual.o
                0x2000000c                Text
 .data._impure_ptr
                0x200000d0        0x4 c:/siliconlabs/simplicitystudio/v4/developer/toolchains/gnu_arm/7.2_2017q4/bin/../lib/gcc/arm-none-eabi/7.2.1/../../../../arm-none-eabi/lib/thumb/v7-m\libc_nano.a(lib_a-impure.o)
                0x200000d0                _impure_ptr
 .data.impure_data
                0x200000d4       0x60 c:/siliconlabs/simplicitystudio/v4/developer/toolchains/gnu_arm/7.2_2017q4/bin/../lib/gcc/arm-none-eabi/7.2.1/../../../../arm-none-eabi/lib/thumb/v7-m\libc_nano.a(lib_a-impure.o)
                0x20000134                . = ALIGN (0x4)
                [!provide]                PROVIDE (__ram_func_section_start, .)
 *(.ram)
                [!provide]                PROVIDE (__ram_func_section_end, .)
                0x20000134                . = ALIGN (0x4)
                0x20000134                PROVIDE (__preinit_array_start, .)
 *(.preinit_array)
                0x20000134                PROVIDE (__preinit_array_end, .)
                0x20000134                . = ALIGN (0x4)
                0x20000134                PROVIDE (__init_array_start, .)
 *(SORT_BY_NAME(.init_array.*))
 *(.init_array)
 .init_array    0x20000134        0x4 c:/siliconlabs/simplicitystudio/v4/developer/toolchains/gnu_arm/7.2_2017q4/bin/../lib/gcc/arm-none-eabi/7.2.1/thumb/v7-m/crtbegin.o
                0x20000138                PROVIDE (__init_array_end, .)
                0x20000138                . = ALIGN (0x4)
                [!provide]                PROVIDE (__fini_array_start, .)
 *(SORT_BY_NAME(.fini_array.*))
 *(.fini_array)
 .fini_array    0x20000138        0x4 c:/siliconlabs/simplicitystudio/v4/developer/toolchains/gnu_arm/7.2_2017q4/bin/../lib/gcc/arm-none-eabi/7.2.1/thumb/v7-m/crtbegin.o
                [!provide]                PROVIDE (__fini_array_end, .)
 *(.jcr*)
                0x2000013c                . = ALIGN (0x4)
                0x2000013c                __data_end__ = .

.igot.plt       0x2000013c        0x0 load address 0x000023b0
 .igot.plt      0x2000013c        0x0 c:/siliconlabs/simplicitystudio/v4/developer/toolchains/gnu_arm/7.2_2017q4/bin/../lib/gcc/arm-none-eabi/7.2.1/thumb/v7-m/crtbegin.o

.bss            0x2000013c       0x54 load address 0x000023b0
                0x2000013c                . = ALIGN (0x4)
                0x2000013c                __bss_start__ = .
 *(.bss*)
 .bss           0x2000013c       0x1c c:/siliconlabs/simplicitystudio/v4/developer/toolchains/gnu_arm/7.2_2017q4/bin/../lib/gcc/arm-none-eabi/7.2.1/thumb/v7-m/crtbegin.o
 .bss.duckP     0x20000158        0x1 ./main.o
                0x20000158                duckP
 *fill*         0x20000159        0x3 
 .bss.__malloc_free_list
                0x2000015c        0x4 c:/siliconlabs/simplicitystudio/v4/developer/toolchains/gnu_arm/7.2_2017q4/bin/../lib/gcc/arm-none-eabi/7.2.1/../../../../arm-none-eabi/lib/thumb/v7-m\libc_nano.a(lib_a-nano-mallocr.o)
                0x2000015c                __malloc_free_list
 .bss.__malloc_sbrk_start
                0x20000160        0x4 c:/siliconlabs/simplicitystudio/v4/developer/toolchains/gnu_arm/7.2_2017q4/bin/../lib/gcc/arm-none-eabi/7.2.1/../../../../arm-none-eabi/lib/thumb/v7-m\libc_nano.a(lib_a-nano-mallocr.o)
                0x20000160                __malloc_sbrk_start
 .bss.heap_end.4102
                0x20000164        0x4 c:/siliconlabs/simplicitystudio/v4/developer/toolchains/gnu_arm/7.2_2017q4/bin/../lib/gcc/arm-none-eabi/7.2.1/../../../../arm-none-eabi/lib/thumb/v7-m\libnosys.a(sbrk.o)
 *(COMMON)
 COMMON         0x20000168       0x23 ./main.o
                0x20000168                hunter
                0x2000016c                bullet
                0x20000170                coordinate
                0x20000174                duck
                0x20000178                upperCharSegments
                0x2000017c                lowerCharSegments
                0x2000018a                shoot
 *fill*         0x2000018b        0x1 
 COMMON         0x2000018c        0x4 c:/siliconlabs/simplicitystudio/v4/developer/toolchains/gnu_arm/7.2_2017q4/bin/../lib/gcc/arm-none-eabi/7.2.1/../../../../arm-none-eabi/lib/thumb/v7-m\libc_nano.a(lib_a-reent.o)
                0x2000018c                errno
                0x20000190                . = ALIGN (0x4)
                0x20000190                __bss_end__ = .

.heap           0x20000190      0xc00
                0x20000190                __HeapBase = .
                0x20000190                __end__ = .
                0x20000190                end = __end__
                0x20000190                _end = __end__
 *(.heap*)
 .heap          0x20000190      0xc00 ./CMSIS/EFM32GG/startup_gcc_efm32gg.o
                0x20000d90                __HeapLimit = .

.stack_dummy    0x20000190      0x400
 *(.stack*)
 .stack         0x20000190      0x400 ./CMSIS/EFM32GG/startup_gcc_efm32gg.o
                0x20020000                __StackTop = (ORIGIN (RAM) + LENGTH (RAM))
                0x2001fc00                __StackLimit = (__StackTop - SIZEOF (.stack_dummy))
                0x20020000                PROVIDE (__stack, __StackTop)
                0x00000001                ASSERT ((__StackLimit >= __HeapLimit), region RAM overflowed with stack)
                0x00000001                ASSERT ((LENGTH (FLASH) >= (__etext + SIZEOF (.data))), FLASH memory overflowed !)
OUTPUT(Homework.axf elf32-littlearm)

.ARM.attributes
                0x00000000       0x29
 .ARM.attributes
                0x00000000       0x1d c:/siliconlabs/simplicitystudio/v4/developer/toolchains/gnu_arm/7.2_2017q4/bin/../lib/gcc/arm-none-eabi/7.2.1/thumb/v7-m/crti.o
 .ARM.attributes
                0x0000001d       0x2d c:/siliconlabs/simplicitystudio/v4/developer/toolchains/gnu_arm/7.2_2017q4/bin/../lib/gcc/arm-none-eabi/7.2.1/thumb/v7-m/crtbegin.o
 .ARM.attributes
                0x0000004a       0x1b c:/siliconlabs/simplicitystudio/v4/developer/toolchains/gnu_arm/7.2_2017q4/bin/../lib/gcc/arm-none-eabi/7.2.1/../../../../arm-none-eabi/lib/thumb/v7-m/crt0.o
 .ARM.attributes
                0x00000065       0x1b ./CMSIS/EFM32GG/startup_gcc_efm32gg.o
 .ARM.attributes
                0x00000080       0x33 ./CMSIS/EFM32GG/system_efm32gg.o
 .ARM.attributes
                0x000000b3       0x33 ./drivers/segmentlcd.o
 .ARM.attributes
                0x000000e6       0x33 ./emlib/em_cmu.o
 .ARM.attributes
                0x00000119       0x33 ./emlib/em_gpio.o
 .ARM.attributes
                0x0000014c       0x33 ./emlib/em_lcd.o
 .ARM.attributes
                0x0000017f       0x33 ./emlib/em_system.o
 .ARM.attributes
                0x000001b2       0x33 ./emlib/em_timer.o
 .ARM.attributes
                0x000001e5       0x33 ./main.o
 .ARM.attributes
                0x00000218       0x33 ./src/segmentlcd_individual.o
 .ARM.attributes
                0x0000024b       0x2d c:/siliconlabs/simplicitystudio/v4/developer/toolchains/gnu_arm/7.2_2017q4/bin/../lib/gcc/arm-none-eabi/7.2.1/../../../../arm-none-eabi/lib/thumb/v7-m\libc_nano.a(lib_a-exit.o)
 .ARM.attributes
                0x00000278       0x2d c:/siliconlabs/simplicitystudio/v4/developer/toolchains/gnu_arm/7.2_2017q4/bin/../lib/gcc/arm-none-eabi/7.2.1/../../../../arm-none-eabi/lib/thumb/v7-m\libc_nano.a(lib_a-impure.o)
 .ARM.attributes
                0x000002a5       0x2d c:/siliconlabs/simplicitystudio/v4/developer/toolchains/gnu_arm/7.2_2017q4/bin/../lib/gcc/arm-none-eabi/7.2.1/../../../../arm-none-eabi/lib/thumb/v7-m\libc_nano.a(lib_a-init.o)
 .ARM.attributes
                0x000002d2       0x2d c:/siliconlabs/simplicitystudio/v4/developer/toolchains/gnu_arm/7.2_2017q4/bin/../lib/gcc/arm-none-eabi/7.2.1/../../../../arm-none-eabi/lib/thumb/v7-m\libc_nano.a(lib_a-memset.o)
 .ARM.attributes
                0x000002ff       0x2d c:/siliconlabs/simplicitystudio/v4/developer/toolchains/gnu_arm/7.2_2017q4/bin/../lib/gcc/arm-none-eabi/7.2.1/../../../../arm-none-eabi/lib/thumb/v7-m\libc_nano.a(lib_a-rand.o)
 .ARM.attributes
                0x0000032c       0x2d c:/siliconlabs/simplicitystudio/v4/developer/toolchains/gnu_arm/7.2_2017q4/bin/../lib/gcc/arm-none-eabi/7.2.1/../../../../arm-none-eabi/lib/thumb/v7-m\libc_nano.a(lib_a-malloc.o)
 .ARM.attributes
                0x00000359       0x2d c:/siliconlabs/simplicitystudio/v4/developer/toolchains/gnu_arm/7.2_2017q4/bin/../lib/gcc/arm-none-eabi/7.2.1/../../../../arm-none-eabi/lib/thumb/v7-m\libc_nano.a(lib_a-nano-mallocr.o)
 .ARM.attributes
                0x00000386       0x2d c:/siliconlabs/simplicitystudio/v4/developer/toolchains/gnu_arm/7.2_2017q4/bin/../lib/gcc/arm-none-eabi/7.2.1/../../../../arm-none-eabi/lib/thumb/v7-m\libc_nano.a(lib_a-sbrkr.o)
 .ARM.attributes
                0x000003b3       0x2d c:/siliconlabs/simplicitystudio/v4/developer/toolchains/gnu_arm/7.2_2017q4/bin/../lib/gcc/arm-none-eabi/7.2.1/../../../../arm-none-eabi/lib/thumb/v7-m\libc_nano.a(lib_a-mlock.o)
 .ARM.attributes
                0x000003e0       0x2d c:/siliconlabs/simplicitystudio/v4/developer/toolchains/gnu_arm/7.2_2017q4/bin/../lib/gcc/arm-none-eabi/7.2.1/../../../../arm-none-eabi/lib/thumb/v7-m\libc_nano.a(lib_a-reent.o)
 .ARM.attributes
                0x0000040d       0x2d c:/siliconlabs/simplicitystudio/v4/developer/toolchains/gnu_arm/7.2_2017q4/bin/../lib/gcc/arm-none-eabi/7.2.1/../../../../arm-none-eabi/lib/thumb/v7-m\libnosys.a(sbrk.o)
 .ARM.attributes
                0x0000043a       0x2d c:/siliconlabs/simplicitystudio/v4/developer/toolchains/gnu_arm/7.2_2017q4/bin/../lib/gcc/arm-none-eabi/7.2.1/../../../../arm-none-eabi/lib/thumb/v7-m\libnosys.a(_exit.o)
 .ARM.attributes
                0x00000467       0x2d c:/siliconlabs/simplicitystudio/v4/developer/toolchains/gnu_arm/7.2_2017q4/bin/../lib/gcc/arm-none-eabi/7.2.1/thumb/v7-m/crtend.o
 .ARM.attributes
                0x00000494       0x1d c:/siliconlabs/simplicitystudio/v4/developer/toolchains/gnu_arm/7.2_2017q4/bin/../lib/gcc/arm-none-eabi/7.2.1/thumb/v7-m/crtn.o

.comment        0x00000000       0x7e
 .comment       0x00000000       0x7e ./CMSIS/EFM32GG/system_efm32gg.o
                                 0x7f (size before relaxing)
 .comment       0x0000007e       0x7f ./drivers/segmentlcd.o
 .comment       0x0000007e       0x7f ./emlib/em_cmu.o
 .comment       0x0000007e       0x7f ./emlib/em_gpio.o
 .comment       0x0000007e       0x7f ./emlib/em_lcd.o
 .comment       0x0000007e       0x7f ./emlib/em_system.o
 .comment       0x0000007e       0x7f ./emlib/em_timer.o
 .comment       0x0000007e       0x7f ./main.o
 .comment       0x0000007e       0x7f ./src/segmentlcd_individual.o

.debug_line     0x00000000     0x61af
 .debug_line    0x00000000       0x72 ./CMSIS/EFM32GG/startup_gcc_efm32gg.o
 .debug_line    0x00000072      0x835 ./CMSIS/EFM32GG/system_efm32gg.o
 .debug_line    0x000008a7      0xd6d ./drivers/segmentlcd.o
 .debug_line    0x00001614     0x10ab ./emlib/em_cmu.o
 .debug_line    0x000026bf      0x9b7 ./emlib/em_gpio.o
 .debug_line    0x00003076      0xa0b ./emlib/em_lcd.o
 .debug_line    0x00003a81      0x80f ./emlib/em_system.o
 .debug_line    0x00004290      0xab5 ./emlib/em_timer.o
 .debug_line    0x00004d45      0xbf0 ./main.o
 .debug_line    0x00005935      0x87a ./src/segmentlcd_individual.o

.debug_info     0x00000000     0x7e71
 .debug_info    0x00000000       0x26 ./CMSIS/EFM32GG/startup_gcc_efm32gg.o
 .debug_info    0x00000026      0x7a7 ./CMSIS/EFM32GG/system_efm32gg.o
 .debug_info    0x000007cd     0x1bfd ./drivers/segmentlcd.o
 .debug_info    0x000023ca     0x1624 ./emlib/em_cmu.o
 .debug_info    0x000039ee      0x6f4 ./emlib/em_gpio.o
 .debug_info    0x000040e2      0xb0e ./emlib/em_lcd.o
 .debug_info    0x00004bf0      0x2d6 ./emlib/em_system.o
 .debug_info    0x00004ec6      0x9e7 ./emlib/em_timer.o
 .debug_info    0x000058ad     0x1ef6 ./main.o
 .debug_info    0x000077a3      0x6ce ./src/segmentlcd_individual.o

.debug_abbrev   0x00000000     0x14db
 .debug_abbrev  0x00000000       0x14 ./CMSIS/EFM32GG/startup_gcc_efm32gg.o
 .debug_abbrev  0x00000014      0x1eb ./CMSIS/EFM32GG/system_efm32gg.o
 .debug_abbrev  0x000001ff      0x2ba ./drivers/segmentlcd.o
 .debug_abbrev  0x000004b9      0x307 ./emlib/em_cmu.o
 .debug_abbrev  0x000007c0      0x21d ./emlib/em_gpio.o
 .debug_abbrev  0x000009dd      0x24b ./emlib/em_lcd.o
 .debug_abbrev  0x00000c28      0x153 ./emlib/em_system.o
 .debug_abbrev  0x00000d7b      0x234 ./emlib/em_timer.o
 .debug_abbrev  0x00000faf      0x39e ./main.o
 .debug_abbrev  0x0000134d      0x18e ./src/segmentlcd_individual.o

.debug_aranges  0x00000000      0x568
 .debug_aranges
                0x00000000       0x20 ./CMSIS/EFM32GG/startup_gcc_efm32gg.o
 .debug_aranges
                0x00000020       0x70 ./CMSIS/EFM32GG/system_efm32gg.o
 .debug_aranges
                0x00000090       0xc8 ./drivers/segmentlcd.o
 .debug_aranges
                0x00000158      0x180 ./emlib/em_cmu.o
 .debug_aranges
                0x000002d8       0x78 ./emlib/em_gpio.o
 .debug_aranges
                0x00000350       0xa8 ./emlib/em_lcd.o
 .debug_aranges
                0x000003f8       0x28 ./emlib/em_system.o
 .debug_aranges
                0x00000420       0x60 ./emlib/em_timer.o
 .debug_aranges
                0x00000480       0xb0 ./main.o
 .debug_aranges
                0x00000530       0x38 ./src/segmentlcd_individual.o

.debug_str      0x00000000    0xde27b
 .debug_str     0x00000000       0x67 ./CMSIS/EFM32GG/startup_gcc_efm32gg.o
 .debug_str     0x00000067    0xd2816 ./CMSIS/EFM32GG/system_efm32gg.o
                              0xd2e73 (size before relaxing)
 .debug_str     0x000d287d     0x8497 ./drivers/segmentlcd.o
                              0xdb199 (size before relaxing)
 .debug_str     0x000dad14      0xf35 ./emlib/em_cmu.o
                              0xd6caf (size before relaxing)
 .debug_str     0x000dbc49      0x460 ./emlib/em_gpio.o
                              0xd36a7 (size before relaxing)
 .debug_str     0x000dc0a9      0x35f ./emlib/em_lcd.o
                              0xd330d (size before relaxing)
 .debug_str     0x000dc408       0xac ./emlib/em_system.o
                              0xd2f3c (size before relaxing)
 .debug_str     0x000dc4b4      0xa94 ./emlib/em_timer.o
                              0xd362a (size before relaxing)
 .debug_str     0x000dcf48      0x4d2 ./main.o
                              0xdb0ce (size before relaxing)
 .debug_str     0x000dd41a      0xe61 ./src/segmentlcd_individual.o
                              0xd3c22 (size before relaxing)

.debug_loc      0x00000000     0x2cce
 .debug_loc     0x00000000      0x31c ./CMSIS/EFM32GG/system_efm32gg.o
 .debug_loc     0x0000031c      0x66a ./drivers/segmentlcd.o
 .debug_loc     0x00000986      0xe4c ./emlib/em_cmu.o
 .debug_loc     0x000017d2      0x420 ./emlib/em_gpio.o
 .debug_loc     0x00001bf2      0x648 ./emlib/em_lcd.o
 .debug_loc     0x0000223a       0xb8 ./emlib/em_system.o
 .debug_loc     0x000022f2      0x2e8 ./emlib/em_timer.o
 .debug_loc     0x000025da      0x59c ./main.o
 .debug_loc     0x00002b76      0x158 ./src/segmentlcd_individual.o

.debug_ranges   0x00000000      0x4b8
 .debug_ranges  0x00000000       0x60 ./CMSIS/EFM32GG/system_efm32gg.o
 .debug_ranges  0x00000060       0xb8 ./drivers/segmentlcd.o
 .debug_ranges  0x00000118      0x170 ./emlib/em_cmu.o
 .debug_ranges  0x00000288       0x68 ./emlib/em_gpio.o
 .debug_ranges  0x000002f0       0x98 ./emlib/em_lcd.o
 .debug_ranges  0x00000388       0x18 ./emlib/em_system.o
 .debug_ranges  0x000003a0       0x50 ./emlib/em_timer.o
 .debug_ranges  0x000003f0       0xa0 ./main.o
 .debug_ranges  0x00000490       0x28 ./src/segmentlcd_individual.o

.debug_macro    0x00000000    0x25a08
 .debug_macro   0x00000000      0x28e ./CMSIS/EFM32GG/system_efm32gg.o
 .debug_macro   0x0000028e      0xa48 ./CMSIS/EFM32GG/system_efm32gg.o
 .debug_macro   0x00000cd6       0x22 ./CMSIS/EFM32GG/system_efm32gg.o
 .debug_macro   0x00000cf8       0x4f ./CMSIS/EFM32GG/system_efm32gg.o
 .debug_macro   0x00000d47       0x51 ./CMSIS/EFM32GG/system_efm32gg.o
 .debug_macro   0x00000d98       0xef ./CMSIS/EFM32GG/system_efm32gg.o
 .debug_macro   0x00000e87       0x6a ./CMSIS/EFM32GG/system_efm32gg.o
 .debug_macro   0x00000ef1      0x1df ./CMSIS/EFM32GG/system_efm32gg.o
 .debug_macro   0x000010d0      0x39b ./CMSIS/EFM32GG/system_efm32gg.o
 .debug_macro   0x0000146b       0x1c ./CMSIS/EFM32GG/system_efm32gg.o
 .debug_macro   0x00001487       0x22 ./CMSIS/EFM32GG/system_efm32gg.o
 .debug_macro   0x000014a9       0xc3 ./CMSIS/EFM32GG/system_efm32gg.o
 .debug_macro   0x0000156c      0xe18 ./CMSIS/EFM32GG/system_efm32gg.o
 .debug_macro   0x00002384       0xe2 ./CMSIS/EFM32GG/system_efm32gg.o
 .debug_macro   0x00002466     0x2869 ./CMSIS/EFM32GG/system_efm32gg.o
 .debug_macro   0x00004ccf      0x39e ./CMSIS/EFM32GG/system_efm32gg.o
 .debug_macro   0x0000506d     0x3f12 ./CMSIS/EFM32GG/system_efm32gg.o
 .debug_macro   0x00008f7f      0x9a4 ./CMSIS/EFM32GG/system_efm32gg.o
 .debug_macro   0x00009923      0x6eb ./CMSIS/EFM32GG/system_efm32gg.o
 .debug_macro   0x0000a00e      0x283 ./CMSIS/EFM32GG/system_efm32gg.o
 .debug_macro   0x0000a291     0x1e37 ./CMSIS/EFM32GG/system_efm32gg.o
 .debug_macro   0x0000c0c8     0x30cb ./CMSIS/EFM32GG/system_efm32gg.o
 .debug_macro   0x0000f193      0x37f ./CMSIS/EFM32GG/system_efm32gg.o
 .debug_macro   0x0000f512      0x855 ./CMSIS/EFM32GG/system_efm32gg.o
 .debug_macro   0x0000fd67     0x230f ./CMSIS/EFM32GG/system_efm32gg.o
 .debug_macro   0x00012076     0x1bf6 ./CMSIS/EFM32GG/system_efm32gg.o
 .debug_macro   0x00013c6c     0x1709 ./CMSIS/EFM32GG/system_efm32gg.o
 .debug_macro   0x00015375      0x6d8 ./CMSIS/EFM32GG/system_efm32gg.o
 .debug_macro   0x00015a4d     0x106a ./CMSIS/EFM32GG/system_efm32gg.o
 .debug_macro   0x00016ab7     0x1d83 ./CMSIS/EFM32GG/system_efm32gg.o
 .debug_macro   0x0001883a      0x33d ./CMSIS/EFM32GG/system_efm32gg.o
 .debug_macro   0x00018b77      0xa66 ./CMSIS/EFM32GG/system_efm32gg.o
 .debug_macro   0x000195dd      0xfe0 ./CMSIS/EFM32GG/system_efm32gg.o
 .debug_macro   0x0001a5bd      0x894 ./CMSIS/EFM32GG/system_efm32gg.o
 .debug_macro   0x0001ae51      0xf85 ./CMSIS/EFM32GG/system_efm32gg.o
 .debug_macro   0x0001bdd6     0x12a5 ./CMSIS/EFM32GG/system_efm32gg.o
 .debug_macro   0x0001d07b      0xc4a ./CMSIS/EFM32GG/system_efm32gg.o
 .debug_macro   0x0001dcc5      0x74d ./CMSIS/EFM32GG/system_efm32gg.o
 .debug_macro   0x0001e412      0x1c9 ./CMSIS/EFM32GG/system_efm32gg.o
 .debug_macro   0x0001e5db     0x1041 ./CMSIS/EFM32GG/system_efm32gg.o
 .debug_macro   0x0001f61c      0x280 ./CMSIS/EFM32GG/system_efm32gg.o
 .debug_macro   0x0001f89c       0x40 ./CMSIS/EFM32GG/system_efm32gg.o
 .debug_macro   0x0001f8dc      0x250 ./CMSIS/EFM32GG/system_efm32gg.o
 .debug_macro   0x0001fb2c      0x1f0 ./CMSIS/EFM32GG/system_efm32gg.o
 .debug_macro   0x0001fd1c      0x166 ./CMSIS/EFM32GG/system_efm32gg.o
 .debug_macro   0x0001fe82      0x252 ./CMSIS/EFM32GG/system_efm32gg.o
 .debug_macro   0x000200d4     0x1bd7 ./CMSIS/EFM32GG/system_efm32gg.o
 .debug_macro   0x00021cab       0x2e ./CMSIS/EFM32GG/system_efm32gg.o
 .debug_macro   0x00021cd9      0x427 ./CMSIS/EFM32GG/system_efm32gg.o
 .debug_macro   0x00022100      0x427 ./CMSIS/EFM32GG/system_efm32gg.o
 .debug_macro   0x00022527      0x432 ./drivers/segmentlcd.o
 .debug_macro   0x00022959       0x52 ./drivers/segmentlcd.o
 .debug_macro   0x000229ab       0x17 ./drivers/segmentlcd.o
 .debug_macro   0x000229c2       0x55 ./drivers/segmentlcd.o
 .debug_macro   0x00022a17       0x35 ./drivers/segmentlcd.o
 .debug_macro   0x00022a4c       0x9c ./drivers/segmentlcd.o
 .debug_macro   0x00022ae8       0x16 ./drivers/segmentlcd.o
 .debug_macro   0x00022afe       0x57 ./drivers/segmentlcd.o
 .debug_macro   0x00022b55       0x97 ./drivers/segmentlcd.o
 .debug_macro   0x00022bec      0x353 ./drivers/segmentlcd.o
 .debug_macro   0x00022f3f       0xf6 ./drivers/segmentlcd.o
 .debug_macro   0x00023035       0x10 ./drivers/segmentlcd.o
 .debug_macro   0x00023045       0x58 ./drivers/segmentlcd.o
 .debug_macro   0x0002309d       0x1f ./drivers/segmentlcd.o
 .debug_macro   0x000230bc       0x43 ./drivers/segmentlcd.o
 .debug_macro   0x000230ff       0x20 ./drivers/segmentlcd.o
 .debug_macro   0x0002311f      0x18e ./drivers/segmentlcd.o
 .debug_macro   0x000232ad       0x10 ./drivers/segmentlcd.o
 .debug_macro   0x000232bd       0xb6 ./drivers/segmentlcd.o
 .debug_macro   0x00023373       0x16 ./drivers/segmentlcd.o
 .debug_macro   0x00023389      0x129 ./drivers/segmentlcd.o
 .debug_macro   0x000234b2       0x16 ./drivers/segmentlcd.o
 .debug_macro   0x000234c8       0x35 ./drivers/segmentlcd.o
 .debug_macro   0x000234fd       0x16 ./drivers/segmentlcd.o
 .debug_macro   0x00023513       0x22 ./drivers/segmentlcd.o
 .debug_macro   0x00023535       0x22 ./drivers/segmentlcd.o
 .debug_macro   0x00023557       0xbd ./drivers/segmentlcd.o
 .debug_macro   0x00023614       0x10 ./drivers/segmentlcd.o
 .debug_macro   0x00023624       0xcc ./drivers/segmentlcd.o
 .debug_macro   0x000236f0       0x69 ./drivers/segmentlcd.o
 .debug_macro   0x00023759      0x33e ./drivers/segmentlcd.o
 .debug_macro   0x00023a97       0x1d ./drivers/segmentlcd.o
 .debug_macro   0x00023ab4      0x117 ./drivers/segmentlcd.o
 .debug_macro   0x00023bcb       0x22 ./drivers/segmentlcd.o
 .debug_macro   0x00023bed      0x367 ./emlib/em_cmu.o
 .debug_macro   0x00023f54      0x16d ./emlib/em_cmu.o
 .debug_macro   0x000240c1       0x58 ./emlib/em_cmu.o
 .debug_macro   0x00024119      0x34d ./emlib/em_cmu.o
 .debug_macro   0x00024466       0x25 ./emlib/em_cmu.o
 .debug_macro   0x0002448b       0xee ./emlib/em_cmu.o
 .debug_macro   0x00024579       0x1f ./emlib/em_cmu.o
 .debug_macro   0x00024598      0x2a7 ./emlib/em_gpio.o
 .debug_macro   0x0002483f       0xc6 ./emlib/em_gpio.o
 .debug_macro   0x00024905      0x29b ./emlib/em_lcd.o
 .debug_macro   0x00024ba0       0x17 ./emlib/em_lcd.o
 .debug_macro   0x00024bb7      0x295 ./emlib/em_system.o
 .debug_macro   0x00024e4c      0x295 ./emlib/em_timer.o
 .debug_macro   0x000250e1       0x79 ./emlib/em_timer.o
 .debug_macro   0x0002515a      0x3d2 ./main.o
 .debug_macro   0x0002552c       0x7f ./main.o
 .debug_macro   0x000255ab      0x10e ./main.o
 .debug_macro   0x000256b9       0x86 ./main.o
 .debug_macro   0x0002573f       0x16 ./main.o
 .debug_macro   0x00025755      0x2a3 ./src/segmentlcd_individual.o
 .debug_macro   0x000259f8       0x10 ./src/segmentlcd_individual.o

.debug_frame    0x00000000     0x1700
 .debug_frame   0x00000000      0x180 ./CMSIS/EFM32GG/system_efm32gg.o
 .debug_frame   0x00000180      0x318 ./drivers/segmentlcd.o
 .debug_frame   0x00000498      0x690 ./emlib/em_cmu.o
 .debug_frame   0x00000b28      0x1e0 ./emlib/em_gpio.o
 .debug_frame   0x00000d08      0x2d0 ./emlib/em_lcd.o
 .debug_frame   0x00000fd8       0x60 ./emlib/em_system.o
 .debug_frame   0x00001038      0x15c ./emlib/em_timer.o
 .debug_frame   0x00001194      0x2b4 ./main.o
 .debug_frame   0x00001448       0xa8 ./src/segmentlcd_individual.o
 .debug_frame   0x000014f0       0x28 c:/siliconlabs/simplicitystudio/v4/developer/toolchains/gnu_arm/7.2_2017q4/bin/../lib/gcc/arm-none-eabi/7.2.1/../../../../arm-none-eabi/lib/thumb/v7-m\libc_nano.a(lib_a-exit.o)
 .debug_frame   0x00001518       0x2c c:/siliconlabs/simplicitystudio/v4/developer/toolchains/gnu_arm/7.2_2017q4/bin/../lib/gcc/arm-none-eabi/7.2.1/../../../../arm-none-eabi/lib/thumb/v7-m\libc_nano.a(lib_a-init.o)
 .debug_frame   0x00001544       0x20 c:/siliconlabs/simplicitystudio/v4/developer/toolchains/gnu_arm/7.2_2017q4/bin/../lib/gcc/arm-none-eabi/7.2.1/../../../../arm-none-eabi/lib/thumb/v7-m\libc_nano.a(lib_a-memset.o)
 .debug_frame   0x00001564       0x48 c:/siliconlabs/simplicitystudio/v4/developer/toolchains/gnu_arm/7.2_2017q4/bin/../lib/gcc/arm-none-eabi/7.2.1/../../../../arm-none-eabi/lib/thumb/v7-m\libc_nano.a(lib_a-rand.o)
 .debug_frame   0x000015ac       0x30 c:/siliconlabs/simplicitystudio/v4/developer/toolchains/gnu_arm/7.2_2017q4/bin/../lib/gcc/arm-none-eabi/7.2.1/../../../../arm-none-eabi/lib/thumb/v7-m\libc_nano.a(lib_a-malloc.o)
 .debug_frame   0x000015dc       0x2c c:/siliconlabs/simplicitystudio/v4/developer/toolchains/gnu_arm/7.2_2017q4/bin/../lib/gcc/arm-none-eabi/7.2.1/../../../../arm-none-eabi/lib/thumb/v7-m\libc_nano.a(lib_a-nano-mallocr.o)
 .debug_frame   0x00001608       0x2c c:/siliconlabs/simplicitystudio/v4/developer/toolchains/gnu_arm/7.2_2017q4/bin/../lib/gcc/arm-none-eabi/7.2.1/../../../../arm-none-eabi/lib/thumb/v7-m\libc_nano.a(lib_a-sbrkr.o)
 .debug_frame   0x00001634       0x30 c:/siliconlabs/simplicitystudio/v4/developer/toolchains/gnu_arm/7.2_2017q4/bin/../lib/gcc/arm-none-eabi/7.2.1/../../../../arm-none-eabi/lib/thumb/v7-m\libc_nano.a(lib_a-mlock.o)
 .debug_frame   0x00001664       0x5c c:/siliconlabs/simplicitystudio/v4/developer/toolchains/gnu_arm/7.2_2017q4/bin/../lib/gcc/arm-none-eabi/7.2.1/../../../../arm-none-eabi/lib/thumb/v7-m\libc_nano.a(lib_a-reent.o)
 .debug_frame   0x000016c0       0x20 c:/siliconlabs/simplicitystudio/v4/developer/toolchains/gnu_arm/7.2_2017q4/bin/../lib/gcc/arm-none-eabi/7.2.1/../../../../arm-none-eabi/lib/thumb/v7-m\libnosys.a(sbrk.o)
 .debug_frame   0x000016e0       0x20 c:/siliconlabs/simplicitystudio/v4/developer/toolchains/gnu_arm/7.2_2017q4/bin/../lib/gcc/arm-none-eabi/7.2.1/../../../../arm-none-eabi/lib/thumb/v7-m\libnosys.a(_exit.o)
